Training_Dataset/Normal/001.wav 0
Training_Dataset/Normal/002.wav 0
Training_Dataset/Normal/003.wav 0
Training_Dataset/Normal/004.wav 0
Training_Dataset/Normal/005.wav 0
Training_Dataset/Normal/006.wav 0
Training_Dataset/Normal/007.wav 0
Training_Dataset/Normal/008.wav 0
Training_Dataset/Normal/009.wav 0
Training_Dataset/Normal/010.wav 0
Training_Dataset/Normal/011.wav 0
Training_Dataset/Normal/012.wav 0
Training_Dataset/Normal/013.wav 0
Training_Dataset/Normal/014.wav 0
Training_Dataset/Normal/015.wav 0
Training_Dataset/Normal/016.wav 0
Training_Dataset/Normal/017.wav 0
Training_Dataset/Normal/018.wav 0
Training_Dataset/Normal/019.wav 0
Training_Dataset/Normal/020.wav 0
Training_Dataset/Normal/021.wav 0
Training_Dataset/Normal/022.wav 0
Training_Dataset/Normal/023.wav 0
Training_Dataset/Normal/024.wav 0
Training_Dataset/Normal/025.wav 0
Training_Dataset/Normal/026.wav 0
Training_Dataset/Normal/027.wav 0
Training_Dataset/Normal/028.wav 0
Training_Dataset/Normal/029.wav 0
Training_Dataset/Normal/030.wav 0
Training_Dataset/Normal/031.wav 0
Training_Dataset/Normal/032.wav 0
Training_Dataset/Normal/033.wav 0
Training_Dataset/Normal/034.wav 0
Training_Dataset/Normal/035.wav 0
Training_Dataset/Normal/036.wav 0
Training_Dataset/Normal/037.wav 0
Training_Dataset/Normal/038.wav 0
Training_Dataset/Normal/039.wav 0
Training_Dataset/Normal/040.wav 0
Training_Dataset/Normal/041.wav 0
Training_Dataset/Normal/042.wav 0
Training_Dataset/Normal/043.wav 0
Training_Dataset/Normal/044.wav 0
Training_Dataset/Normal/045.wav 0
Training_Dataset/Normal/046.wav 0
Training_Dataset/Normal/047.wav 0
Training_Dataset/Normal/048.wav 0
Training_Dataset/Normal/049.wav 0
Training_Dataset/Normal/050.wav 0
Training_Dataset/Pathological/Neoplasm/001.wav 1
Training_Dataset/Pathological/Neoplasm/002.wav 1
Training_Dataset/Pathological/Neoplasm/003.wav 1
Training_Dataset/Pathological/Neoplasm/004.wav 1
Training_Dataset/Pathological/Neoplasm/005.wav 1
Training_Dataset/Pathological/Neoplasm/006.wav 1
Training_Dataset/Pathological/Neoplasm/007.wav 1
Training_Dataset/Pathological/Neoplasm/008.wav 1
Training_Dataset/Pathological/Neoplasm/009.wav 1
Training_Dataset/Pathological/Neoplasm/010.wav 1
Training_Dataset/Pathological/Neoplasm/011.wav 1
Training_Dataset/Pathological/Neoplasm/012.wav 1
Training_Dataset/Pathological/Neoplasm/013.wav 1
Training_Dataset/Pathological/Neoplasm/014.wav 1
Training_Dataset/Pathological/Neoplasm/015.wav 1
Training_Dataset/Pathological/Neoplasm/016.wav 1
Training_Dataset/Pathological/Neoplasm/017.wav 1
Training_Dataset/Pathological/Neoplasm/018.wav 1
Training_Dataset/Pathological/Neoplasm/019.wav 1
Training_Dataset/Pathological/Neoplasm/020.wav 1
Training_Dataset/Pathological/Neoplasm/021.wav 1
Training_Dataset/Pathological/Neoplasm/022.wav 1
Training_Dataset/Pathological/Neoplasm/023.wav 1
Training_Dataset/Pathological/Neoplasm/024.wav 1
Training_Dataset/Pathological/Neoplasm/025.wav 1
Training_Dataset/Pathological/Neoplasm/026.wav 1
Training_Dataset/Pathological/Neoplasm/027.wav 1
Training_Dataset/Pathological/Neoplasm/028.wav 1
Training_Dataset/Pathological/Neoplasm/029.wav 1
Training_Dataset/Pathological/Neoplasm/030.wav 1
Training_Dataset/Pathological/Neoplasm/031.wav 1
Training_Dataset/Pathological/Neoplasm/032.wav 1
Training_Dataset/Pathological/Neoplasm/033.wav 1
Training_Dataset/Pathological/Neoplasm/034.wav 1
Training_Dataset/Pathological/Neoplasm/035.wav 1
Training_Dataset/Pathological/Neoplasm/036.wav 1
Training_Dataset/Pathological/Neoplasm/037.wav 1
Training_Dataset/Pathological/Neoplasm/038.wav 1
Training_Dataset/Pathological/Neoplasm/039.wav 1
Training_Dataset/Pathological/Neoplasm/040.wav 1
Training_Dataset/Pathological/Phonotrauma/001.wav 2
Training_Dataset/Pathological/Phonotrauma/002.wav 2
Training_Dataset/Pathological/Phonotrauma/003.wav 2
Training_Dataset/Pathological/Phonotrauma/004.wav 2
Training_Dataset/Pathological/Phonotrauma/005.wav 2
Training_Dataset/Pathological/Phonotrauma/006.wav 2
Training_Dataset/Pathological/Phonotrauma/007.wav 2
Training_Dataset/Pathological/Phonotrauma/008.wav 2
Training_Dataset/Pathological/Phonotrauma/009.wav 2
Training_Dataset/Pathological/Phonotrauma/010.wav 2
Training_Dataset/Pathological/Phonotrauma/011.wav 2
Training_Dataset/Pathological/Phonotrauma/012.wav 2
Training_Dataset/Pathological/Phonotrauma/013.wav 2
Training_Dataset/Pathological/Phonotrauma/014.wav 2
Training_Dataset/Pathological/Phonotrauma/015.wav 2
Training_Dataset/Pathological/Phonotrauma/016.wav 2
Training_Dataset/Pathological/Phonotrauma/017.wav 2
Training_Dataset/Pathological/Phonotrauma/018.wav 2
Training_Dataset/Pathological/Phonotrauma/019.wav 2
Training_Dataset/Pathological/Phonotrauma/020.wav 2
Training_Dataset/Pathological/Phonotrauma/021.wav 2
Training_Dataset/Pathological/Phonotrauma/022.wav 2
Training_Dataset/Pathological/Phonotrauma/023.wav 2
Training_Dataset/Pathological/Phonotrauma/024.wav 2
Training_Dataset/Pathological/Phonotrauma/025.wav 2
Training_Dataset/Pathological/Phonotrauma/026.wav 2
Training_Dataset/Pathological/Phonotrauma/027.wav 2
Training_Dataset/Pathological/Phonotrauma/028.wav 2
Training_Dataset/Pathological/Phonotrauma/029.wav 2
Training_Dataset/Pathological/Phonotrauma/030.wav 2
Training_Dataset/Pathological/Phonotrauma/031.wav 2
Training_Dataset/Pathological/Phonotrauma/032.wav 2
Training_Dataset/Pathological/Phonotrauma/033.wav 2
Training_Dataset/Pathological/Phonotrauma/034.wav 2
Training_Dataset/Pathological/Phonotrauma/035.wav 2
Training_Dataset/Pathological/Phonotrauma/036.wav 2
Training_Dataset/Pathological/Phonotrauma/037.wav 2
Training_Dataset/Pathological/Phonotrauma/038.wav 2
Training_Dataset/Pathological/Phonotrauma/039.wav 2
Training_Dataset/Pathological/Phonotrauma/040.wav 2
Training_Dataset/Pathological/Phonotrauma/041.wav 2
Training_Dataset/Pathological/Phonotrauma/042.wav 2
Training_Dataset/Pathological/Phonotrauma/043.wav 2
Training_Dataset/Pathological/Phonotrauma/044.wav 2
Training_Dataset/Pathological/Phonotrauma/045.wav 2
Training_Dataset/Pathological/Phonotrauma/046.wav 2
Training_Dataset/Pathological/Phonotrauma/047.wav 2
Training_Dataset/Pathological/Phonotrauma/048.wav 2
Training_Dataset/Pathological/Phonotrauma/049.wav 2
Training_Dataset/Pathological/Phonotrauma/050.wav 2
Training_Dataset/Pathological/Phonotrauma/051.wav 2
Training_Dataset/Pathological/Phonotrauma/052.wav 2
Training_Dataset/Pathological/Phonotrauma/053.wav 2
Training_Dataset/Pathological/Phonotrauma/054.wav 2
Training_Dataset/Pathological/Phonotrauma/055.wav 2
Training_Dataset/Pathological/Phonotrauma/056.wav 2
Training_Dataset/Pathological/Phonotrauma/057.wav 2
Training_Dataset/Pathological/Phonotrauma/058.wav 2
Training_Dataset/Pathological/Phonotrauma/059.wav 2
Training_Dataset/Pathological/Phonotrauma/060.wav 2
Training_Dataset/Pathological/Vocal_palsy/001.wav 3
Training_Dataset/Pathological/Vocal_palsy/002.wav 3
Training_Dataset/Pathological/Vocal_palsy/003.wav 3
Training_Dataset/Pathological/Vocal_palsy/004.wav 3
Training_Dataset/Pathological/Vocal_palsy/005.wav 3
Training_Dataset/Pathological/Vocal_palsy/006.wav 3
Training_Dataset/Pathological/Vocal_palsy/007.wav 3
Training_Dataset/Pathological/Vocal_palsy/008.wav 3
Training_Dataset/Pathological/Vocal_palsy/009.wav 3
Training_Dataset/Pathological/Vocal_palsy/010.wav 3
Training_Dataset/Pathological/Vocal_palsy/011.wav 3
Training_Dataset/Pathological/Vocal_palsy/012.wav 3
Training_Dataset/Pathological/Vocal_palsy/013.wav 3
Training_Dataset/Pathological/Vocal_palsy/014.wav 3
Training_Dataset/Pathological/Vocal_palsy/015.wav 3
Training_Dataset/Pathological/Vocal_palsy/016.wav 3
Training_Dataset/Pathological/Vocal_palsy/017.wav 3
Training_Dataset/Pathological/Vocal_palsy/018.wav 3
Training_Dataset/Pathological/Vocal_palsy/019.wav 3
Training_Dataset/Pathological/Vocal_palsy/020.wav 3
Training_Dataset/Pathological/Vocal_palsy/021.wav 3
Training_Dataset/Pathological/Vocal_palsy/022.wav 3
Training_Dataset/Pathological/Vocal_palsy/023.wav 3
Training_Dataset/Pathological/Vocal_palsy/024.wav 3
Training_Dataset/Pathological/Vocal_palsy/025.wav 3
Training_Dataset/Pathological/Vocal_palsy/026.wav 3
Training_Dataset/Pathological/Vocal_palsy/027.wav 3
Training_Dataset/Pathological/Vocal_palsy/028.wav 3
Training_Dataset/Pathological/Vocal_palsy/029.wav 3
Training_Dataset/Pathological/Vocal_palsy/030.wav 3
Training_Dataset/Pathological/Vocal_palsy/031.wav 3
Training_Dataset/Pathological/Vocal_palsy/032.wav 3
Training_Dataset/Pathological/Vocal_palsy/033.wav 3
Training_Dataset/Pathological/Vocal_palsy/034.wav 3
Training_Dataset/Pathological/Vocal_palsy/035.wav 3
Training_Dataset/Pathological/Vocal_palsy/036.wav 3
Training_Dataset/Pathological/Vocal_palsy/037.wav 3
Training_Dataset/Pathological/Vocal_palsy/038.wav 3
Training_Dataset/Pathological/Vocal_palsy/039.wav 3
Training_Dataset/Pathological/Vocal_palsy/040.wav 3
Training_Dataset/Pathological/Vocal_palsy/041.wav 3
Training_Dataset/Pathological/Vocal_palsy/042.wav 3
Training_Dataset/Pathological/Vocal_palsy/043.wav 3
Training_Dataset/Pathological/Vocal_palsy/044.wav 3
Training_Dataset/Pathological/Vocal_palsy/045.wav 3
Training_Dataset/Pathological/Vocal_palsy/046.wav 3
Training_Dataset/Pathological/Vocal_palsy/047.wav 3
Training_Dataset/Pathological/Vocal_palsy/048.wav 3
Training_Dataset/Pathological/Vocal_palsy/049.wav 3
Training_Dataset/Pathological/Vocal_palsy/050.wav 3
