Training_Dataset/Pathological/Vocal_palsy/007.wav 3
Training_Dataset/Pathological/Vocal_palsy/015.wav 3
Training_Dataset/Pathological/Neoplasm/011.wav 1
Training_Dataset/Normal/015.wav 0
Training_Dataset/Pathological/Phonotrauma/018.wav 2
Training_Dataset/Pathological/Phonotrauma/026.wav 2
Training_Dataset/Pathological/Phonotrauma/051.wav 2
Training_Dataset/Normal/020.wav 0
Training_Dataset/Normal/003.wav 0
Training_Dataset/Normal/004.wav 0
Training_Dataset/Pathological/Vocal_palsy/032.wav 3
Training_Dataset/Pathological/Neoplasm/026.wav 1
Training_Dataset/Pathological/Phonotrauma/039.wav 2
Training_Dataset/Pathological/Phonotrauma/050.wav 2
Training_Dataset/Pathological/Vocal_palsy/017.wav 3
Training_Dataset/Normal/035.wav 0
Training_Dataset/Normal/038.wav 0
Training_Dataset/Pathological/Neoplasm/027.wav 1
Training_Dataset/Pathological/Neoplasm/001.wav 1
Training_Dataset/Pathological/Vocal_palsy/026.wav 3
Training_Dataset/Pathological/Phonotrauma/038.wav 2
Training_Dataset/Pathological/Neoplasm/031.wav 1
Training_Dataset/Pathological/Neoplasm/020.wav 1
Training_Dataset/Pathological/Phonotrauma/023.wav 2
Training_Dataset/Pathological/Phonotrauma/031.wav 2
Training_Dataset/Pathological/Phonotrauma/029.wav 2
Training_Dataset/Normal/027.wav 0
Training_Dataset/Pathological/Phonotrauma/035.wav 2
Training_Dataset/Pathological/Vocal_palsy/009.wav 3
Training_Dataset/Pathological/Vocal_palsy/022.wav 3
Training_Dataset/Normal/031.wav 0
Training_Dataset/Pathological/Vocal_palsy/005.wav 3
Training_Dataset/Normal/024.wav 0
Training_Dataset/Pathological/Vocal_palsy/028.wav 3
Training_Dataset/Pathological/Phonotrauma/054.wav 2
Training_Dataset/Pathological/Vocal_palsy/003.wav 3
Training_Dataset/Pathological/Phonotrauma/027.wav 2
Training_Dataset/Pathological/Neoplasm/004.wav 1
Training_Dataset/Normal/039.wav 0
Training_Dataset/Normal/048.wav 0
