0_LRP_Alex_7.JPEG
0_input_7.JPEG
1_LRP_Alex_8.JPEG
1_input_8.JPEG
2_LRP_Alex_6.JPEG
2_input_6.JPEG
3_LRP_Alex_3.JPEG
3_input_3.JPEG
4_LRP_Alex_8.JPEG
4_input_8.JPEG
5_LRP_Alex_5.JPEG
5_input_5.JPEG
6_LRP_Alex_3.JPEG
6_input_3.JPEG
7_LRP_Alex_0.JPEG
7_input_0.JPEG
8_LRP_Alex_5.JPEG
8_input_5.JPEG
9_LRP_Alex_6.JPEG
9_input_6.JPEG
10_LRP_Alex_0.JPEG
10_input_0.JPEG
11_LRP_Alex_8.JPEG
11_input_8.JPEG
12_LRP_Alex_8.JPEG
12_input_8.JPEG
13_LRP_Alex_1.JPEG
13_input_1.JPEG
14_LRP_Alex_3.JPEG
14_input_3.JPEG
15_LRP_Alex_6.JPEG
15_input_6.JPEG
16_LRP_Alex_5.JPEG
16_input_5.JPEG
17_LRP_Alex_9.JPEG
17_input_9.JPEG
18_LRP_Alex_7.JPEG
18_input_7.JPEG
19_LRP_Alex_3.JPEG
19_input_3.JPEG
20_LRP_Alex_0.JPEG
20_input_0.JPEG
21_LRP_Alex_5.JPEG
21_input_5.JPEG
22_LRP_Alex_1.JPEG
22_input_1.JPEG
23_LRP_Alex_7.JPEG
23_input_7.JPEG
24_LRP_Alex_2.JPEG
24_input_2.JPEG
25_LRP_Alex_2.JPEG
25_input_2.JPEG
26_LRP_Alex_3.JPEG
26_input_3.JPEG
27_LRP_Alex_2.JPEG
27_input_2.JPEG
28_LRP_Alex_8.JPEG
28_input_8.JPEG
29_LRP_Alex_2.JPEG
29_input_2.JPEG
30_LRP_Alex_2.JPEG
30_input_2.JPEG
31_LRP_Alex_1.JPEG
31_input_1.JPEG
32_LRP_Alex_0.JPEG
32_input_0.JPEG
33_LRP_Alex_5.JPEG
33_input_5.JPEG
34_LRP_Alex_5.JPEG
34_input_5.JPEG
35_LRP_Alex_7.JPEG
35_input_7.JPEG
36_LRP_Alex_0.JPEG
36_input_0.JPEG
37_LRP_Alex_4.JPEG
37_input_4.JPEG
38_LRP_Alex_1.JPEG
38_input_1.JPEG
39_LRP_Alex_7.JPEG
39_input_9.JPEG
40_LRP_Alex_9.JPEG
40_input_9.JPEG
41_LRP_Alex_7.JPEG
41_input_7.JPEG
42_LRP_Alex_2.JPEG
42_input_2.JPEG
43_LRP_Alex_3.JPEG
43_input_3.JPEG
44_LRP_Alex_8.JPEG
44_input_8.JPEG
45_LRP_Alex_4.JPEG
45_input_4.JPEG
46_LRP_Alex_7.JPEG
46_input_7.JPEG
47_LRP_Alex_4.JPEG
47_input_4.JPEG
48_LRP_Alex_0.JPEG
48_input_0.JPEG
49_LRP_Alex_6.JPEG
49_input_6.JPEG
50_LRP_Alex_9.JPEG
50_input_9.JPEG
51_LRP_Alex_0.JPEG
51_input_0.JPEG
52_LRP_Alex_0.JPEG
52_input_0.JPEG
53_LRP_Alex_2.JPEG
53_input_2.JPEG
54_LRP_Alex_1.JPEG
54_input_1.JPEG
55_LRP_Alex_2.JPEG
55_input_2.JPEG
56_LRP_Alex_7.JPEG
56_input_7.JPEG
57_LRP_Alex_4.JPEG
57_input_4.JPEG
58_LRP_Alex_3.JPEG
58_input_3.JPEG
59_LRP_Alex_8.JPEG
59_input_8.JPEG
60_LRP_Alex_4.JPEG
60_input_4.JPEG
61_LRP_Alex_2.JPEG
61_input_2.JPEG
62_LRP_Alex_2.JPEG
62_input_2.JPEG
63_LRP_Alex_1.JPEG
63_input_1.JPEG
64_LRP_Alex_3.JPEG
64_input_3.JPEG
65_LRP_Alex_3.JPEG
65_input_6.JPEG
66_LRP_Alex_1.JPEG
66_input_1.JPEG
67_LRP_Alex_4.JPEG
67_input_4.JPEG
68_LRP_Alex_2.JPEG
68_input_2.JPEG
69_LRP_Alex_6.JPEG
69_input_6.JPEG
70_LRP_Alex_0.JPEG
70_input_0.JPEG
71_LRP_Alex_1.JPEG
71_input_1.JPEG
72_LRP_Alex_8.JPEG
72_input_8.JPEG
73_LRP_Alex_3.JPEG
73_input_3.JPEG
74_LRP_Alex_7.JPEG
74_input_7.JPEG
75_LRP_Alex_8.JPEG
75_input_8.JPEG
76_LRP_Alex_6.JPEG
76_input_6.JPEG
77_LRP_Alex_2.JPEG
77_input_2.JPEG
78_LRP_Alex_8.JPEG
78_input_8.JPEG
79_LRP_Alex_9.JPEG
79_input_9.JPEG
80_LRP_Alex_1.JPEG
80_input_1.JPEG
81_LRP_Alex_7.JPEG
81_input_7.JPEG
82_LRP_Alex_8.JPEG
82_input_8.JPEG
83_LRP_Alex_0.JPEG
83_input_0.JPEG
84_LRP_Alex_8.JPEG
84_input_8.JPEG
85_LRP_Alex_3.JPEG
85_input_3.JPEG
86_LRP_Alex_1.JPEG
86_input_1.JPEG
87_LRP_Alex_9.JPEG
87_input_9.JPEG
88_LRP_Alex_9.JPEG
88_input_9.JPEG
89_LRP_Alex_2.JPEG
89_input_2.JPEG
90_LRP_Alex_0.JPEG
90_input_0.JPEG
91_LRP_Alex_8.JPEG
91_input_8.JPEG
92_LRP_Alex_2.JPEG
92_input_2.JPEG
93_LRP_Alex_8.JPEG
93_input_8.JPEG
94_LRP_Alex_6.JPEG
94_input_6.JPEG
95_LRP_Alex_3.JPEG
95_input_3.JPEG
96_LRP_Alex_4.JPEG
96_input_4.JPEG
97_LRP_Alex_9.JPEG
97_input_9.JPEG
98_LRP_Alex_2.JPEG
98_input_2.JPEG
99_LRP_Alex_1.JPEG
99_input_1.JPEG
100_LRP_Alex_7.JPEG
100_input_7.JPEG
101_LRP_Alex_5.JPEG
101_input_5.JPEG
102_LRP_Alex_7.JPEG
102_input_7.JPEG
103_LRP_Alex_6.JPEG
103_input_6.JPEG
104_LRP_Alex_5.JPEG
104_input_5.JPEG
105_LRP_Alex_7.JPEG
105_input_7.JPEG
106_LRP_Alex_0.JPEG
106_input_0.JPEG
107_LRP_Alex_9.JPEG
107_input_9.JPEG
108_LRP_Alex_9.JPEG
108_input_9.JPEG
109_LRP_Alex_3.JPEG
109_input_3.JPEG
110_LRP_Alex_5.JPEG
110_input_5.JPEG
111_LRP_Alex_3.JPEG
111_input_3.JPEG
112_LRP_Alex_5.JPEG
112_input_5.JPEG
113_LRP_Alex_2.JPEG
113_input_2.JPEG
114_LRP_Alex_7.JPEG
114_input_7.JPEG
115_LRP_Alex_4.JPEG
115_input_4.JPEG
116_LRP_Alex_5.JPEG
116_input_5.JPEG
117_LRP_Alex_9.JPEG
117_input_9.JPEG
118_LRP_Alex_8.JPEG
118_input_8.JPEG
119_LRP_Alex_4.JPEG
119_input_4.JPEG
120_LRP_Alex_4.JPEG
120_input_4.JPEG
121_LRP_Alex_4.JPEG
121_input_4.JPEG
122_LRP_Alex_3.JPEG
122_input_3.JPEG
123_LRP_Alex_1.JPEG
123_input_1.JPEG
124_LRP_Alex_7.JPEG
124_input_7.JPEG
125_LRP_Alex_6.JPEG
125_input_6.JPEG
126_LRP_Alex_1.JPEG
126_input_1.JPEG
127_LRP_Alex_3.JPEG
127_input_3.JPEG
128_LRP_Alex_1.JPEG
128_input_1.JPEG
129_LRP_Alex_9.JPEG
129_input_9.JPEG
130_LRP_Alex_2.JPEG
130_input_2.JPEG
131_LRP_Alex_8.JPEG
131_input_8.JPEG
132_LRP_Alex_7.JPEG
132_input_7.JPEG
133_LRP_Alex_3.JPEG
133_input_3.JPEG
134_LRP_Alex_3.JPEG
134_input_3.JPEG
135_LRP_Alex_2.JPEG
135_input_2.JPEG
136_LRP_Alex_0.JPEG
136_input_0.JPEG
137_LRP_Alex_1.JPEG
137_input_1.JPEG
138_LRP_Alex_2.JPEG
138_input_2.JPEG
139_LRP_Alex_4.JPEG
139_input_4.JPEG
140_LRP_Alex_2.JPEG
140_input_2.JPEG
141_LRP_Alex_6.JPEG
141_input_6.JPEG
142_LRP_Alex_2.JPEG
142_input_3.JPEG
143_LRP_Alex_2.JPEG
143_input_2.JPEG
144_LRP_Alex_4.JPEG
144_input_4.JPEG
145_LRP_Alex_7.JPEG
145_input_7.JPEG
146_LRP_Alex_4.JPEG
146_input_4.JPEG
147_LRP_Alex_6.JPEG
147_input_6.JPEG
148_LRP_Alex_2.JPEG
148_input_2.JPEG
149_LRP_Alex_7.JPEG
149_input_7.JPEG
150_LRP_Alex_5.JPEG
150_input_5.JPEG
151_LRP_Alex_8.JPEG
151_input_8.JPEG
152_LRP_Alex_8.JPEG
152_input_8.JPEG
153_LRP_Alex_1.JPEG
153_input_1.JPEG
154_LRP_Alex_5.JPEG
154_input_5.JPEG
155_LRP_Alex_1.JPEG
155_input_1.JPEG
156_LRP_Alex_1.JPEG
156_input_1.JPEG
157_LRP_Alex_9.JPEG
157_input_9.JPEG
158_LRP_Alex_1.JPEG
158_input_1.JPEG
159_LRP_Alex_5.JPEG
159_input_5.JPEG
160_LRP_Alex_8.JPEG
160_input_8.JPEG
161_LRP_Alex_4.JPEG
161_input_4.JPEG
162_LRP_Alex_6.JPEG
162_input_6.JPEG
163_LRP_Alex_2.JPEG
163_input_2.JPEG
164_LRP_Alex_0.JPEG
164_input_0.JPEG
165_LRP_Alex_1.JPEG
165_input_1.JPEG
166_LRP_Alex_5.JPEG
166_input_5.JPEG
167_LRP_Alex_3.JPEG
167_input_3.JPEG
168_LRP_Alex_2.JPEG
168_input_2.JPEG
169_LRP_Alex_0.JPEG
169_input_0.JPEG
170_LRP_Alex_3.JPEG
170_input_3.JPEG
171_LRP_Alex_2.JPEG
171_input_2.JPEG
172_LRP_Alex_8.JPEG
172_input_6.JPEG
173_LRP_Alex_7.JPEG
173_input_7.JPEG
174_LRP_Alex_6.JPEG
174_input_6.JPEG
175_LRP_Alex_3.JPEG
175_input_3.JPEG
176_LRP_Alex_6.JPEG
176_input_6.JPEG
177_LRP_Alex_1.JPEG
177_input_1.JPEG
178_LRP_Alex_2.JPEG
178_input_2.JPEG
179_LRP_Alex_7.JPEG
179_input_7.JPEG
180_LRP_Alex_6.JPEG
180_input_6.JPEG
181_LRP_Alex_0.JPEG
181_input_0.JPEG
182_LRP_Alex_2.JPEG
182_input_2.JPEG
183_LRP_Alex_8.JPEG
183_input_8.JPEG
184_LRP_Alex_8.JPEG
184_input_8.JPEG
185_LRP_Alex_4.JPEG
185_input_4.JPEG
186_LRP_Alex_0.JPEG
186_input_0.JPEG
187_LRP_Alex_7.JPEG
187_input_7.JPEG
188_LRP_Alex_5.JPEG
188_input_5.JPEG
189_LRP_Alex_5.JPEG
189_input_5.JPEG
190_LRP_Alex_9.JPEG
190_input_9.JPEG
191_LRP_Alex_9.JPEG
191_input_9.JPEG
192_LRP_Alex_9.JPEG
192_input_9.JPEG
193_LRP_Alex_2.JPEG
193_input_2.JPEG
194_LRP_Alex_7.JPEG
194_input_7.JPEG
195_LRP_Alex_2.JPEG
195_input_2.JPEG
196_LRP_Alex_3.JPEG
196_input_3.JPEG
197_LRP_Alex_0.JPEG
197_input_0.JPEG
198_LRP_Alex_9.JPEG
198_input_9.JPEG
199_LRP_Alex_5.JPEG
199_input_5.JPEG
200_LRP_Alex_8.JPEG
200_input_8.JPEG
201_LRP_Alex_2.JPEG
201_input_2.JPEG
202_LRP_Alex_8.JPEG
202_input_8.JPEG
203_LRP_Alex_3.JPEG
203_input_3.JPEG
204_LRP_Alex_3.JPEG
204_input_3.JPEG
205_LRP_Alex_8.JPEG
205_input_8.JPEG
206_LRP_Alex_0.JPEG
206_input_0.JPEG
207_LRP_Alex_4.JPEG
207_input_4.JPEG
208_LRP_Alex_7.JPEG
208_input_7.JPEG
209_LRP_Alex_6.JPEG
209_input_6.JPEG
210_LRP_Alex_0.JPEG
210_input_0.JPEG
211_LRP_Alex_7.JPEG
211_input_7.JPEG
212_LRP_Alex_9.JPEG
212_input_9.JPEG
213_LRP_Alex_1.JPEG
213_input_1.JPEG
214_LRP_Alex_6.JPEG
214_input_6.JPEG
215_LRP_Alex_6.JPEG
215_input_6.JPEG
216_LRP_Alex_5.JPEG
216_input_5.JPEG
217_LRP_Alex_4.JPEG
217_input_4.JPEG
218_LRP_Alex_1.JPEG
218_input_1.JPEG
219_LRP_Alex_7.JPEG
219_input_7.JPEG
220_LRP_Alex_1.JPEG
220_input_1.JPEG
221_LRP_Alex_0.JPEG
221_input_0.JPEG
222_LRP_Alex_5.JPEG
222_input_5.JPEG
223_LRP_Alex_7.JPEG
223_input_7.JPEG
224_LRP_Alex_0.JPEG
224_input_0.JPEG
225_LRP_Alex_8.JPEG
225_input_8.JPEG
226_LRP_Alex_5.JPEG
226_input_5.JPEG
227_LRP_Alex_7.JPEG
227_input_7.JPEG
228_LRP_Alex_2.JPEG
228_input_2.JPEG
229_LRP_Alex_8.JPEG
229_input_8.JPEG
230_LRP_Alex_7.JPEG
230_input_7.JPEG
231_LRP_Alex_3.JPEG
231_input_3.JPEG
232_LRP_Alex_0.JPEG
232_input_0.JPEG
233_LRP_Alex_2.JPEG
233_input_2.JPEG
234_LRP_Alex_5.JPEG
234_input_5.JPEG
235_LRP_Alex_4.JPEG
235_input_4.JPEG
236_LRP_Alex_4.JPEG
236_input_4.JPEG
237_LRP_Alex_4.JPEG
237_input_4.JPEG
238_LRP_Alex_3.JPEG
238_input_3.JPEG
239_LRP_Alex_1.JPEG
239_input_1.JPEG
240_LRP_Alex_2.JPEG
240_input_2.JPEG
241_LRP_Alex_2.JPEG
241_input_2.JPEG
242_LRP_Alex_5.JPEG
242_input_5.JPEG
243_LRP_Alex_0.JPEG
243_input_0.JPEG
244_LRP_Alex_6.JPEG
244_input_6.JPEG
245_LRP_Alex_2.JPEG
245_input_2.JPEG
246_LRP_Alex_7.JPEG
246_input_7.JPEG
247_LRP_Alex_8.JPEG
247_input_8.JPEG
248_LRP_Alex_0.JPEG
248_input_0.JPEG
249_LRP_Alex_1.JPEG
249_input_1.JPEG
250_LRP_Alex_6.JPEG
250_input_6.JPEG
251_LRP_Alex_7.JPEG
251_input_7.JPEG
252_LRP_Alex_1.JPEG
252_input_1.JPEG
253_LRP_Alex_6.JPEG
253_input_6.JPEG
254_LRP_Alex_9.JPEG
254_input_9.JPEG
255_LRP_Alex_9.JPEG
255_input_9.JPEG
256_LRP_Alex_7.JPEG
256_input_7.JPEG
257_LRP_Alex_7.JPEG
257_input_7.JPEG
258_LRP_Alex_9.JPEG
258_input_9.JPEG
259_LRP_Alex_6.JPEG
259_input_6.JPEG
260_LRP_Alex_6.JPEG
260_input_6.JPEG
261_LRP_Alex_4.JPEG
261_input_4.JPEG
262_LRP_Alex_3.JPEG
262_input_3.JPEG
263_LRP_Alex_2.JPEG
263_input_2.JPEG
264_LRP_Alex_9.JPEG
264_input_9.JPEG
265_LRP_Alex_1.JPEG
265_input_1.JPEG
266_LRP_Alex_4.JPEG
266_input_4.JPEG
267_LRP_Alex_7.JPEG
267_input_7.JPEG
268_LRP_Alex_3.JPEG
268_input_3.JPEG
269_LRP_Alex_0.JPEG
269_input_0.JPEG
270_LRP_Alex_4.JPEG
270_input_4.JPEG
271_LRP_Alex_6.JPEG
271_input_6.JPEG
272_LRP_Alex_9.JPEG
272_input_9.JPEG
273_LRP_Alex_6.JPEG
273_input_6.JPEG
274_LRP_Alex_2.JPEG
274_input_2.JPEG
275_LRP_Alex_6.JPEG
275_input_6.JPEG
276_LRP_Alex_0.JPEG
276_input_0.JPEG
277_LRP_Alex_7.JPEG
277_input_7.JPEG
278_LRP_Alex_4.JPEG
278_input_4.JPEG
279_LRP_Alex_0.JPEG
279_input_0.JPEG
280_LRP_Alex_9.JPEG
280_input_9.JPEG
281_LRP_Alex_5.JPEG
281_input_5.JPEG
282_LRP_Alex_6.JPEG
282_input_6.JPEG
283_LRP_Alex_7.JPEG
283_input_7.JPEG
284_LRP_Alex_8.JPEG
284_input_8.JPEG
285_LRP_Alex_2.JPEG
285_input_2.JPEG
286_LRP_Alex_0.JPEG
286_input_0.JPEG
287_LRP_Alex_3.JPEG
287_input_3.JPEG
288_LRP_Alex_1.JPEG
288_input_1.JPEG
289_LRP_Alex_9.JPEG
289_input_9.JPEG
290_LRP_Alex_9.JPEG
290_input_9.JPEG
291_LRP_Alex_9.JPEG
291_input_9.JPEG
292_LRP_Alex_2.JPEG
292_input_2.JPEG
293_LRP_Alex_3.JPEG
293_input_3.JPEG
294_LRP_Alex_4.JPEG
294_input_4.JPEG
295_LRP_Alex_4.JPEG
295_input_4.JPEG
296_LRP_Alex_9.JPEG
296_input_9.JPEG
297_LRP_Alex_7.JPEG
297_input_7.JPEG
298_LRP_Alex_6.JPEG
298_input_6.JPEG
299_LRP_Alex_6.JPEG
299_input_6.JPEG
300_LRP_Alex_5.JPEG
300_input_5.JPEG
301_LRP_Alex_2.JPEG
301_input_2.JPEG
302_LRP_Alex_7.JPEG
302_input_7.JPEG
303_LRP_Alex_2.JPEG
303_input_2.JPEG
304_LRP_Alex_0.JPEG
304_input_0.JPEG
305_LRP_Alex_4.JPEG
305_input_4.JPEG
306_LRP_Alex_4.JPEG
306_input_4.JPEG
307_LRP_Alex_0.JPEG
307_input_0.JPEG
308_LRP_Alex_8.JPEG
308_input_8.JPEG
309_LRP_Alex_5.JPEG
309_input_5.JPEG
310_LRP_Alex_9.JPEG
310_input_9.JPEG
311_LRP_Alex_9.JPEG
311_input_0.JPEG
312_LRP_Alex_1.JPEG
312_input_1.JPEG
313_LRP_Alex_4.JPEG
313_input_4.JPEG
314_LRP_Alex_8.JPEG
314_input_8.JPEG
315_LRP_Alex_8.JPEG
315_input_8.JPEG
316_LRP_Alex_7.JPEG
316_input_7.JPEG
317_LRP_Alex_0.JPEG
317_input_0.JPEG
318_LRP_Alex_8.JPEG
318_input_8.JPEG
319_LRP_Alex_2.JPEG
319_input_2.JPEG
320_LRP_Alex_5.JPEG
320_input_5.JPEG
321_LRP_Alex_8.JPEG
321_input_8.JPEG
322_LRP_Alex_7.JPEG
322_input_7.JPEG
323_LRP_Alex_8.JPEG
323_input_8.JPEG
324_LRP_Alex_6.JPEG
324_input_6.JPEG
325_LRP_Alex_9.JPEG
325_input_9.JPEG
326_LRP_Alex_2.JPEG
326_input_2.JPEG
327_LRP_Alex_4.JPEG
327_input_4.JPEG
328_LRP_Alex_8.JPEG
328_input_8.JPEG
329_LRP_Alex_2.JPEG
329_input_2.JPEG
330_LRP_Alex_9.JPEG
330_input_9.JPEG
331_LRP_Alex_5.JPEG
331_input_5.JPEG
332_LRP_Alex_9.JPEG
332_input_7.JPEG
333_LRP_Alex_4.JPEG
333_input_4.JPEG
334_LRP_Alex_5.JPEG
334_input_5.JPEG
335_LRP_Alex_1.JPEG
335_input_1.JPEG
336_LRP_Alex_8.JPEG
336_input_8.JPEG
337_LRP_Alex_8.JPEG
337_input_8.JPEG
338_LRP_Alex_2.JPEG
338_input_2.JPEG
339_LRP_Alex_1.JPEG
339_input_1.JPEG
340_LRP_Alex_0.JPEG
340_input_0.JPEG
341_LRP_Alex_3.JPEG
341_input_3.JPEG
342_LRP_Alex_9.JPEG
342_input_9.JPEG
343_LRP_Alex_1.JPEG
343_input_1.JPEG
344_LRP_Alex_6.JPEG
344_input_8.JPEG
345_LRP_Alex_2.JPEG
345_input_2.JPEG
346_LRP_Alex_3.JPEG
346_input_3.JPEG
347_LRP_Alex_0.JPEG
347_input_0.JPEG
348_LRP_Alex_2.JPEG
348_input_2.JPEG
349_LRP_Alex_2.JPEG
349_input_2.JPEG
350_LRP_Alex_3.JPEG
350_input_3.JPEG
351_LRP_Alex_8.JPEG
351_input_8.JPEG
352_LRP_Alex_0.JPEG
352_input_0.JPEG
353_LRP_Alex_7.JPEG
353_input_7.JPEG
354_LRP_Alex_6.JPEG
354_input_6.JPEG
355_LRP_Alex_9.JPEG
355_input_9.JPEG
356_LRP_Alex_7.JPEG
356_input_7.JPEG
357_LRP_Alex_6.JPEG
357_input_6.JPEG
358_LRP_Alex_4.JPEG
358_input_4.JPEG
359_LRP_Alex_3.JPEG
359_input_3.JPEG
360_LRP_Alex_1.JPEG
360_input_1.JPEG
361_LRP_Alex_2.JPEG
361_input_2.JPEG
362_LRP_Alex_9.JPEG
362_input_9.JPEG
363_LRP_Alex_4.JPEG
363_input_4.JPEG
364_LRP_Alex_5.JPEG
364_input_5.JPEG
365_LRP_Alex_5.JPEG
365_input_5.JPEG
366_LRP_Alex_9.JPEG
366_input_9.JPEG
367_LRP_Alex_1.JPEG
367_input_1.JPEG
368_LRP_Alex_3.JPEG
368_input_3.JPEG
369_LRP_Alex_9.JPEG
369_input_9.JPEG
370_LRP_Alex_4.JPEG
370_input_4.JPEG
371_LRP_Alex_0.JPEG
371_input_0.JPEG
372_LRP_Alex_6.JPEG
372_input_6.JPEG
373_LRP_Alex_2.JPEG
373_input_2.JPEG
374_LRP_Alex_7.JPEG
374_input_7.JPEG
375_LRP_Alex_0.JPEG
375_input_0.JPEG
376_LRP_Alex_0.JPEG
376_input_0.JPEG
377_LRP_Alex_3.JPEG
377_input_3.JPEG
378_LRP_Alex_4.JPEG
378_input_4.JPEG
379_LRP_Alex_4.JPEG
379_input_4.JPEG
380_LRP_Alex_7.JPEG
380_input_7.JPEG
381_LRP_Alex_5.JPEG
381_input_5.JPEG
382_LRP_Alex_4.JPEG
382_input_4.JPEG
383_LRP_Alex_4.JPEG
383_input_4.JPEG
384_LRP_Alex_3.JPEG
384_input_3.JPEG
385_LRP_Alex_9.JPEG
385_input_9.JPEG
386_LRP_Alex_0.JPEG
386_input_0.JPEG
387_LRP_Alex_6.JPEG
387_input_6.JPEG
388_LRP_Alex_3.JPEG
388_input_3.JPEG
389_LRP_Alex_1.JPEG
389_input_1.JPEG
390_LRP_Alex_9.JPEG
390_input_9.JPEG
391_LRP_Alex_9.JPEG
391_input_9.JPEG
392_LRP_Alex_8.JPEG
392_input_8.JPEG
393_LRP_Alex_0.JPEG
393_input_0.JPEG
394_LRP_Alex_6.JPEG
394_input_6.JPEG
395_LRP_Alex_2.JPEG
395_input_2.JPEG
396_LRP_Alex_6.JPEG
396_input_6.JPEG
397_LRP_Alex_3.JPEG
397_input_3.JPEG
398_LRP_Alex_7.JPEG
398_input_7.JPEG
399_LRP_Alex_4.JPEG
399_input_4.JPEG
400_LRP_Alex_4.JPEG
400_input_4.JPEG
401_LRP_Alex_7.JPEG
401_input_7.JPEG
402_LRP_Alex_0.JPEG
402_input_0.JPEG
403_LRP_Alex_7.JPEG
403_input_7.JPEG
404_LRP_Alex_5.JPEG
404_input_5.JPEG
405_LRP_Alex_9.JPEG
405_input_9.JPEG
406_LRP_Alex_2.JPEG
406_input_2.JPEG
407_LRP_Alex_0.JPEG
407_input_0.JPEG
408_LRP_Alex_8.JPEG
408_input_8.JPEG
409_LRP_Alex_0.JPEG
409_input_0.JPEG
410_LRP_Alex_2.JPEG
410_input_2.JPEG
411_LRP_Alex_2.JPEG
411_input_2.JPEG
412_LRP_Alex_5.JPEG
412_input_5.JPEG
413_LRP_Alex_9.JPEG
413_input_9.JPEG
414_LRP_Alex_0.JPEG
414_input_0.JPEG
415_LRP_Alex_7.JPEG
415_input_7.JPEG
416_LRP_Alex_0.JPEG
416_input_0.JPEG
417_LRP_Alex_2.JPEG
417_input_2.JPEG
418_LRP_Alex_8.JPEG
418_input_8.JPEG
419_LRP_Alex_0.JPEG
419_input_0.JPEG
420_LRP_Alex_7.JPEG
420_input_7.JPEG
421_LRP_Alex_1.JPEG
421_input_1.JPEG
422_LRP_Alex_9.JPEG
422_input_9.JPEG
423_LRP_Alex_7.JPEG
423_input_7.JPEG
424_LRP_Alex_8.JPEG
424_input_8.JPEG
425_LRP_Alex_7.JPEG
425_input_7.JPEG
426_LRP_Alex_2.JPEG
426_input_2.JPEG
427_LRP_Alex_2.JPEG
427_input_2.JPEG
428_LRP_Alex_9.JPEG
428_input_9.JPEG
429_LRP_Alex_2.JPEG
429_input_2.JPEG
430_LRP_Alex_7.JPEG
430_input_7.JPEG
431_LRP_Alex_5.JPEG
431_input_5.JPEG
432_LRP_Alex_3.JPEG
432_input_3.JPEG
433_LRP_Alex_4.JPEG
433_input_4.JPEG
434_LRP_Alex_0.JPEG
434_input_0.JPEG
435_LRP_Alex_1.JPEG
435_input_1.JPEG
436_LRP_Alex_9.JPEG
436_input_9.JPEG
437_LRP_Alex_3.JPEG
437_input_3.JPEG
438_LRP_Alex_2.JPEG
438_input_2.JPEG
439_LRP_Alex_1.JPEG
439_input_1.JPEG
440_LRP_Alex_1.JPEG
440_input_1.JPEG
441_LRP_Alex_6.JPEG
441_input_6.JPEG
442_LRP_Alex_8.JPEG
442_input_8.JPEG
443_LRP_Alex_3.JPEG
443_input_3.JPEG
444_LRP_Alex_1.JPEG
444_input_1.JPEG
445_LRP_Alex_5.JPEG
445_input_5.JPEG
446_LRP_Alex_2.JPEG
446_input_2.JPEG
447_LRP_Alex_0.JPEG
447_input_0.JPEG
448_LRP_Alex_9.JPEG
448_input_9.JPEG
449_LRP_Alex_1.JPEG
449_input_1.JPEG
450_LRP_Alex_7.JPEG
450_input_7.JPEG
451_LRP_Alex_8.JPEG
451_input_8.JPEG
452_LRP_Alex_6.JPEG
452_input_6.JPEG
453_LRP_Alex_5.JPEG
453_input_5.JPEG
454_LRP_Alex_3.JPEG
454_input_3.JPEG
455_LRP_Alex_6.JPEG
455_input_6.JPEG
456_LRP_Alex_1.JPEG
456_input_1.JPEG
457_LRP_Alex_7.JPEG
457_input_7.JPEG
458_LRP_Alex_0.JPEG
458_input_0.JPEG
459_LRP_Alex_0.JPEG
459_input_0.JPEG
460_LRP_Alex_3.JPEG
460_input_3.JPEG
461_LRP_Alex_8.JPEG
461_input_8.JPEG
462_LRP_Alex_7.JPEG
462_input_7.JPEG
463_LRP_Alex_1.JPEG
463_input_1.JPEG
464_LRP_Alex_3.JPEG
464_input_3.JPEG
465_LRP_Alex_1.JPEG
465_input_1.JPEG
466_LRP_Alex_8.JPEG
466_input_8.JPEG
467_LRP_Alex_9.JPEG
467_input_9.JPEG
468_LRP_Alex_8.JPEG
468_input_8.JPEG
469_LRP_Alex_3.JPEG
469_input_3.JPEG
470_LRP_Alex_4.JPEG
470_input_4.JPEG
471_LRP_Alex_0.JPEG
471_input_0.JPEG
472_LRP_Alex_7.JPEG
472_input_7.JPEG
473_LRP_Alex_0.JPEG
473_input_0.JPEG
474_LRP_Alex_0.JPEG
474_input_0.JPEG
475_LRP_Alex_4.JPEG
475_input_4.JPEG
476_LRP_Alex_2.JPEG
476_input_2.JPEG
477_LRP_Alex_1.JPEG
477_input_1.JPEG
478_LRP_Alex_7.JPEG
478_input_7.JPEG
479_LRP_Alex_3.JPEG
479_input_3.JPEG
480_LRP_Alex_7.JPEG
480_input_7.JPEG
481_LRP_Alex_1.JPEG
481_input_1.JPEG
482_LRP_Alex_2.JPEG
482_input_2.JPEG
483_LRP_Alex_0.JPEG
483_input_0.JPEG
484_LRP_Alex_4.JPEG
484_input_4.JPEG
485_LRP_Alex_2.JPEG
485_input_2.JPEG
486_LRP_Alex_6.JPEG
486_input_6.JPEG
487_LRP_Alex_1.JPEG
487_input_1.JPEG
488_LRP_Alex_8.JPEG
488_input_8.JPEG
489_LRP_Alex_5.JPEG
489_input_5.JPEG
490_LRP_Alex_9.JPEG
490_input_9.JPEG
491_LRP_Alex_6.JPEG
491_input_6.JPEG
492_LRP_Alex_9.JPEG
492_input_9.JPEG
493_LRP_Alex_7.JPEG
493_input_7.JPEG
494_LRP_Alex_0.JPEG
494_input_0.JPEG
495_LRP_Alex_6.JPEG
495_input_6.JPEG
496_LRP_Alex_7.JPEG
496_input_7.JPEG
497_LRP_Alex_4.JPEG
497_input_4.JPEG
498_LRP_Alex_9.JPEG
498_input_9.JPEG
499_LRP_Alex_1.JPEG
499_input_1.JPEG
500_LRP_Alex_0.JPEG
500_input_0.JPEG
501_LRP_Alex_9.JPEG
501_input_9.JPEG
502_LRP_Alex_0.JPEG
502_input_0.JPEG
503_LRP_Alex_9.JPEG
503_input_9.JPEG
504_LRP_Alex_4.JPEG
504_input_4.JPEG
505_LRP_Alex_8.JPEG
505_input_8.JPEG
506_LRP_Alex_9.JPEG
506_input_9.JPEG
507_LRP_Alex_1.JPEG
507_input_1.JPEG
508_LRP_Alex_1.JPEG
508_input_1.JPEG
509_LRP_Alex_4.JPEG
509_input_4.JPEG
510_LRP_Alex_3.JPEG
510_input_3.JPEG
511_LRP_Alex_9.JPEG
511_input_9.JPEG
512_LRP_Alex_5.JPEG
512_input_5.JPEG
513_LRP_Alex_2.JPEG
513_input_2.JPEG
514_LRP_Alex_8.JPEG
514_input_8.JPEG
515_LRP_Alex_7.JPEG
515_input_7.JPEG
516_LRP_Alex_1.JPEG
516_input_1.JPEG
517_LRP_Alex_5.JPEG
517_input_5.JPEG
518_LRP_Alex_1.JPEG
518_input_1.JPEG
519_LRP_Alex_7.JPEG
519_input_7.JPEG
520_LRP_Alex_9.JPEG
520_input_9.JPEG
521_LRP_Alex_9.JPEG
521_input_9.JPEG
522_LRP_Alex_5.JPEG
522_input_5.JPEG
523_LRP_Alex_3.JPEG
523_input_3.JPEG
524_LRP_Alex_2.JPEG
524_input_2.JPEG
525_LRP_Alex_2.JPEG
525_input_2.JPEG
526_LRP_Alex_7.JPEG
526_input_7.JPEG
527_LRP_Alex_9.JPEG
527_input_9.JPEG
528_LRP_Alex_0.JPEG
528_input_0.JPEG
529_LRP_Alex_5.JPEG
529_input_5.JPEG
530_LRP_Alex_8.JPEG
530_input_8.JPEG
531_LRP_Alex_2.JPEG
531_input_2.JPEG
532_LRP_Alex_4.JPEG
532_input_4.JPEG
533_LRP_Alex_9.JPEG
533_input_9.JPEG
534_LRP_Alex_6.JPEG
534_input_6.JPEG
535_LRP_Alex_0.JPEG
535_input_0.JPEG
536_LRP_Alex_8.JPEG
536_input_8.JPEG
537_LRP_Alex_4.JPEG
537_input_4.JPEG
538_LRP_Alex_8.JPEG
538_input_8.JPEG
539_LRP_Alex_0.JPEG
539_input_0.JPEG
540_LRP_Alex_1.JPEG
540_input_1.JPEG
541_LRP_Alex_4.JPEG
541_input_4.JPEG
542_LRP_Alex_1.JPEG
542_input_1.JPEG
543_LRP_Alex_0.JPEG
543_input_0.JPEG
544_LRP_Alex_5.JPEG
544_input_5.JPEG
545_LRP_Alex_9.JPEG
545_input_9.JPEG
546_LRP_Alex_4.JPEG
546_input_4.JPEG
547_LRP_Alex_5.JPEG
547_input_5.JPEG
548_LRP_Alex_6.JPEG
548_input_6.JPEG
549_LRP_Alex_4.JPEG
549_input_4.JPEG
550_LRP_Alex_1.JPEG
550_input_1.JPEG
551_LRP_Alex_4.JPEG
551_input_4.JPEG
552_LRP_Alex_7.JPEG
552_input_7.JPEG
553_LRP_Alex_4.JPEG
553_input_4.JPEG
554_LRP_Alex_3.JPEG
554_input_3.JPEG
555_LRP_Alex_2.JPEG
555_input_2.JPEG
556_LRP_Alex_9.JPEG
556_input_9.JPEG
557_LRP_Alex_1.JPEG
557_input_1.JPEG
558_LRP_Alex_4.JPEG
558_input_4.JPEG
559_LRP_Alex_1.JPEG
559_input_1.JPEG
560_LRP_Alex_6.JPEG
560_input_6.JPEG
561_LRP_Alex_4.JPEG
561_input_4.JPEG
562_LRP_Alex_3.JPEG
562_input_3.JPEG
563_LRP_Alex_1.JPEG
563_input_1.JPEG
564_LRP_Alex_1.JPEG
564_input_1.JPEG
565_LRP_Alex_1.JPEG
565_input_1.JPEG
566_LRP_Alex_3.JPEG
566_input_3.JPEG
567_LRP_Alex_8.JPEG
567_input_8.JPEG
568_LRP_Alex_0.JPEG
568_input_0.JPEG
569_LRP_Alex_8.JPEG
569_input_8.JPEG
570_LRP_Alex_7.JPEG
570_input_7.JPEG
571_LRP_Alex_8.JPEG
571_input_8.JPEG
572_LRP_Alex_7.JPEG
572_input_7.JPEG
573_LRP_Alex_8.JPEG
573_input_8.JPEG
574_LRP_Alex_6.JPEG
574_input_6.JPEG
575_LRP_Alex_9.JPEG
575_input_9.JPEG
576_LRP_Alex_1.JPEG
576_input_1.JPEG
577_LRP_Alex_5.JPEG
577_input_5.JPEG
578_LRP_Alex_5.JPEG
578_input_5.JPEG
579_LRP_Alex_3.JPEG
579_input_3.JPEG
580_LRP_Alex_7.JPEG
580_input_7.JPEG
581_LRP_Alex_2.JPEG
581_input_2.JPEG
582_LRP_Alex_4.JPEG
582_input_4.JPEG
583_LRP_Alex_1.JPEG
583_input_1.JPEG
584_LRP_Alex_6.JPEG
584_input_6.JPEG
585_LRP_Alex_6.JPEG
585_input_6.JPEG
586_LRP_Alex_3.JPEG
586_input_3.JPEG
587_LRP_Alex_6.JPEG
587_input_6.JPEG
588_LRP_Alex_5.JPEG
588_input_5.JPEG
589_LRP_Alex_7.JPEG
589_input_7.JPEG
590_LRP_Alex_6.JPEG
590_input_6.JPEG
591_LRP_Alex_2.JPEG
591_input_2.JPEG
592_LRP_Alex_5.JPEG
592_input_5.JPEG
593_LRP_Alex_5.JPEG
593_input_5.JPEG
594_LRP_Alex_4.JPEG
594_input_4.JPEG
595_LRP_Alex_6.JPEG
595_input_6.JPEG
596_LRP_Alex_8.JPEG
596_input_8.JPEG
597_LRP_Alex_1.JPEG
597_input_1.JPEG
598_LRP_Alex_2.JPEG
598_input_2.JPEG
599_LRP_Alex_1.JPEG
599_input_1.JPEG
