0_LRP_Alex_7.JPEG
0_input_7.JPEG
1_LRP_Alex_3.JPEG
1_input_3.JPEG
2_LRP_Alex_5.JPEG
2_input_5.JPEG
3_LRP_Alex_0.JPEG
3_input_0.JPEG
4_LRP_Alex_9.JPEG
4_input_9.JPEG
5_LRP_Alex_8.JPEG
5_input_8.JPEG
6_LRP_Alex_0.JPEG
6_input_0.JPEG
7_LRP_Alex_6.JPEG
7_input_6.JPEG
8_LRP_Alex_5.JPEG
8_input_5.JPEG
9_LRP_Alex_3.JPEG
9_input_3.JPEG
10_LRP_Alex_8.JPEG
10_input_8.JPEG
11_LRP_Alex_4.JPEG
11_input_4.JPEG
12_LRP_Alex_5.JPEG
12_input_5.JPEG
13_LRP_Alex_1.JPEG
13_input_1.JPEG
14_LRP_Alex_1.JPEG
14_input_1.JPEG
15_LRP_Alex_2.JPEG
15_input_2.JPEG
16_LRP_Alex_5.JPEG
16_input_5.JPEG
17_LRP_Alex_1.JPEG
17_input_1.JPEG
18_LRP_Alex_6.JPEG
18_input_6.JPEG
19_LRP_Alex_4.JPEG
19_input_4.JPEG
20_LRP_Alex_2.JPEG
20_input_2.JPEG
21_LRP_Alex_9.JPEG
21_input_9.JPEG
22_LRP_Alex_0.JPEG
22_input_0.JPEG
23_LRP_Alex_3.JPEG
23_input_3.JPEG
24_LRP_Alex_8.JPEG
24_input_8.JPEG
25_LRP_Alex_3.JPEG
25_input_3.JPEG
26_LRP_Alex_7.JPEG
26_input_7.JPEG
27_LRP_Alex_9.JPEG
27_input_9.JPEG
28_LRP_Alex_2.JPEG
28_input_2.JPEG
29_LRP_Alex_4.JPEG
29_input_4.JPEG
30_LRP_Alex_4.JPEG
30_input_4.JPEG
31_LRP_Alex_3.JPEG
31_input_3.JPEG
32_LRP_Alex_0.JPEG
32_input_0.JPEG
33_LRP_Alex_5.JPEG
33_input_5.JPEG
34_LRP_Alex_8.JPEG
34_input_8.JPEG
35_LRP_Alex_1.JPEG
35_input_1.JPEG
36_LRP_Alex_2.JPEG
36_input_2.JPEG
37_LRP_Alex_3.JPEG
37_input_3.JPEG
38_LRP_Alex_5.JPEG
38_input_5.JPEG
39_LRP_Alex_5.JPEG
39_input_5.JPEG
40_LRP_Alex_7.JPEG
40_input_7.JPEG
41_LRP_Alex_9.JPEG
41_input_9.JPEG
42_LRP_Alex_3.JPEG
42_input_3.JPEG
43_LRP_Alex_0.JPEG
43_input_0.JPEG
44_LRP_Alex_8.JPEG
44_input_8.JPEG
45_LRP_Alex_9.JPEG
45_input_9.JPEG
46_LRP_Alex_5.JPEG
46_input_5.JPEG
47_LRP_Alex_6.JPEG
47_input_6.JPEG
48_LRP_Alex_0.JPEG
48_input_0.JPEG
49_LRP_Alex_2.JPEG
49_input_2.JPEG
50_LRP_Alex_1.JPEG
50_input_1.JPEG
51_LRP_Alex_0.JPEG
51_input_0.JPEG
52_LRP_Alex_8.JPEG
52_input_8.JPEG
53_LRP_Alex_7.JPEG
53_input_7.JPEG
54_LRP_Alex_1.JPEG
54_input_1.JPEG
55_LRP_Alex_1.JPEG
55_input_1.JPEG
56_LRP_Alex_7.JPEG
56_input_7.JPEG
57_LRP_Alex_9.JPEG
57_input_9.JPEG
58_LRP_Alex_0.JPEG
58_input_0.JPEG
59_LRP_Alex_0.JPEG
59_input_0.JPEG
60_LRP_Alex_9.JPEG
60_input_9.JPEG
61_LRP_Alex_4.JPEG
61_input_4.JPEG
62_LRP_Alex_5.JPEG
62_input_5.JPEG
63_LRP_Alex_7.JPEG
63_input_7.JPEG
64_LRP_Alex_8.JPEG
64_input_8.JPEG
65_LRP_Alex_9.JPEG
65_input_9.JPEG
66_LRP_Alex_9.JPEG
66_input_9.JPEG
67_LRP_Alex_5.JPEG
67_input_5.JPEG
68_LRP_Alex_1.JPEG
68_input_1.JPEG
69_LRP_Alex_3.JPEG
69_input_3.JPEG
70_LRP_Alex_6.JPEG
70_input_6.JPEG
71_LRP_Alex_6.JPEG
71_input_6.JPEG
72_LRP_Alex_2.JPEG
72_input_2.JPEG
73_LRP_Alex_8.JPEG
73_input_8.JPEG
74_LRP_Alex_6.JPEG
74_input_6.JPEG
75_LRP_Alex_4.JPEG
75_input_4.JPEG
76_LRP_Alex_5.JPEG
76_input_5.JPEG
77_LRP_Alex_3.JPEG
77_input_3.JPEG
78_LRP_Alex_5.JPEG
78_input_5.JPEG
79_LRP_Alex_8.JPEG
79_input_8.JPEG
80_LRP_Alex_4.JPEG
80_input_4.JPEG
81_LRP_Alex_7.JPEG
81_input_7.JPEG
82_LRP_Alex_3.JPEG
82_input_3.JPEG
83_LRP_Alex_4.JPEG
83_input_4.JPEG
84_LRP_Alex_5.JPEG
84_input_5.JPEG
85_LRP_Alex_8.JPEG
85_input_8.JPEG
86_LRP_Alex_6.JPEG
86_input_6.JPEG
87_LRP_Alex_1.JPEG
87_input_1.JPEG
88_LRP_Alex_5.JPEG
88_input_5.JPEG
89_LRP_Alex_4.JPEG
89_input_4.JPEG
90_LRP_Alex_5.JPEG
90_input_5.JPEG
91_LRP_Alex_7.JPEG
91_input_7.JPEG
92_LRP_Alex_6.JPEG
92_input_6.JPEG
93_LRP_Alex_8.JPEG
93_input_8.JPEG
94_LRP_Alex_9.JPEG
94_input_9.JPEG
95_LRP_Alex_4.JPEG
95_input_4.JPEG
96_LRP_Alex_3.JPEG
96_input_3.JPEG
97_LRP_Alex_8.JPEG
97_input_8.JPEG
98_LRP_Alex_0.JPEG
98_input_0.JPEG
99_LRP_Alex_2.JPEG
99_input_2.JPEG
100_LRP_Alex_8.JPEG
100_input_8.JPEG
101_LRP_Alex_9.JPEG
101_input_9.JPEG
102_LRP_Alex_4.JPEG
102_input_4.JPEG
103_LRP_Alex_6.JPEG
103_input_6.JPEG
104_LRP_Alex_2.JPEG
104_input_2.JPEG
105_LRP_Alex_6.JPEG
105_input_6.JPEG
106_LRP_Alex_6.JPEG
106_input_6.JPEG
107_LRP_Alex_9.JPEG
107_input_9.JPEG
108_LRP_Alex_2.JPEG
108_input_2.JPEG
109_LRP_Alex_7.JPEG
109_input_7.JPEG
110_LRP_Alex_8.JPEG
110_input_8.JPEG
111_LRP_Alex_3.JPEG
111_input_3.JPEG
112_LRP_Alex_4.JPEG
112_input_4.JPEG
113_LRP_Alex_7.JPEG
113_input_7.JPEG
114_LRP_Alex_6.JPEG
114_input_6.JPEG
115_LRP_Alex_0.JPEG
115_input_0.JPEG
116_LRP_Alex_2.JPEG
116_input_2.JPEG
117_LRP_Alex_5.JPEG
117_input_5.JPEG
118_LRP_Alex_4.JPEG
118_input_4.JPEG
119_LRP_Alex_8.JPEG
119_input_8.JPEG
120_LRP_Alex_4.JPEG
120_input_4.JPEG
121_LRP_Alex_5.JPEG
121_input_5.JPEG
122_LRP_Alex_2.JPEG
122_input_2.JPEG
123_LRP_Alex_4.JPEG
123_input_4.JPEG
124_LRP_Alex_4.JPEG
124_input_4.JPEG
125_LRP_Alex_3.JPEG
125_input_3.JPEG
126_LRP_Alex_3.JPEG
126_input_3.JPEG
127_LRP_Alex_8.JPEG
127_input_8.JPEG
128_LRP_Alex_8.JPEG
128_input_8.JPEG
129_LRP_Alex_2.JPEG
129_input_2.JPEG
130_LRP_Alex_4.JPEG
130_input_4.JPEG
131_LRP_Alex_4.JPEG
131_input_4.JPEG
132_LRP_Alex_2.JPEG
132_input_2.JPEG
133_LRP_Alex_4.JPEG
133_input_4.JPEG
134_LRP_Alex_0.JPEG
134_input_0.JPEG
135_LRP_Alex_8.JPEG
135_input_8.JPEG
136_LRP_Alex_3.JPEG
136_input_3.JPEG
137_LRP_Alex_7.JPEG
137_input_7.JPEG
138_LRP_Alex_9.JPEG
138_input_9.JPEG
139_LRP_Alex_5.JPEG
139_input_5.JPEG
140_LRP_Alex_6.JPEG
140_input_6.JPEG
141_LRP_Alex_1.JPEG
141_input_1.JPEG
142_LRP_Alex_1.JPEG
142_input_1.JPEG
143_LRP_Alex_1.JPEG
143_input_1.JPEG
144_LRP_Alex_5.JPEG
144_input_5.JPEG
145_LRP_Alex_9.JPEG
145_input_9.JPEG
146_LRP_Alex_8.JPEG
146_input_8.JPEG
147_LRP_Alex_3.JPEG
147_input_3.JPEG
148_LRP_Alex_4.JPEG
148_input_4.JPEG
149_LRP_Alex_1.JPEG
149_input_1.JPEG
150_LRP_Alex_9.JPEG
150_input_9.JPEG
151_LRP_Alex_0.JPEG
151_input_0.JPEG
152_LRP_Alex_1.JPEG
152_input_1.JPEG
153_LRP_Alex_4.JPEG
153_input_4.JPEG
154_LRP_Alex_1.JPEG
154_input_1.JPEG
155_LRP_Alex_0.JPEG
155_input_0.JPEG
156_LRP_Alex_5.JPEG
156_input_5.JPEG
157_LRP_Alex_5.JPEG
157_input_5.JPEG
158_LRP_Alex_7.JPEG
158_input_7.JPEG
159_LRP_Alex_3.JPEG
159_input_3.JPEG
160_LRP_Alex_9.JPEG
160_input_9.JPEG
161_LRP_Alex_1.JPEG
161_input_1.JPEG
162_LRP_Alex_9.JPEG
162_input_9.JPEG
163_LRP_Alex_9.JPEG
163_input_9.JPEG
164_LRP_Alex_4.JPEG
164_input_4.JPEG
165_LRP_Alex_0.JPEG
165_input_0.JPEG
166_LRP_Alex_4.JPEG
166_input_4.JPEG
167_LRP_Alex_0.JPEG
167_input_0.JPEG
168_LRP_Alex_6.JPEG
168_input_6.JPEG
169_LRP_Alex_7.JPEG
169_input_7.JPEG
170_LRP_Alex_4.JPEG
170_input_4.JPEG
171_LRP_Alex_1.JPEG
171_input_1.JPEG
172_LRP_Alex_3.JPEG
172_input_3.JPEG
173_LRP_Alex_5.JPEG
173_input_5.JPEG
174_LRP_Alex_4.JPEG
174_input_4.JPEG
175_LRP_Alex_5.JPEG
175_input_5.JPEG
176_LRP_Alex_5.JPEG
176_input_5.JPEG
177_LRP_Alex_4.JPEG
177_input_4.JPEG
178_LRP_Alex_1.JPEG
178_input_1.JPEG
179_LRP_Alex_9.JPEG
179_input_9.JPEG
180_LRP_Alex_4.JPEG
180_input_4.JPEG
181_LRP_Alex_4.JPEG
181_input_4.JPEG
182_LRP_Alex_1.JPEG
182_input_1.JPEG
183_LRP_Alex_1.JPEG
183_input_1.JPEG
184_LRP_Alex_6.JPEG
184_input_6.JPEG
185_LRP_Alex_3.JPEG
185_input_3.JPEG
186_LRP_Alex_6.JPEG
186_input_6.JPEG
187_LRP_Alex_1.JPEG
187_input_1.JPEG
188_LRP_Alex_3.JPEG
188_input_3.JPEG
189_LRP_Alex_0.JPEG
189_input_0.JPEG
190_LRP_Alex_9.JPEG
190_input_9.JPEG
191_LRP_Alex_0.JPEG
191_input_0.JPEG
192_LRP_Alex_9.JPEG
192_input_9.JPEG
193_LRP_Alex_3.JPEG
193_input_3.JPEG
194_LRP_Alex_5.JPEG
194_input_5.JPEG
195_LRP_Alex_3.JPEG
195_input_3.JPEG
196_LRP_Alex_9.JPEG
196_input_9.JPEG
197_LRP_Alex_2.JPEG
197_input_2.JPEG
198_LRP_Alex_5.JPEG
198_input_5.JPEG
199_LRP_Alex_3.JPEG
199_input_3.JPEG
200_LRP_Alex_6.JPEG
200_input_6.JPEG
201_LRP_Alex_0.JPEG
201_input_0.JPEG
202_LRP_Alex_5.JPEG
202_input_5.JPEG
203_LRP_Alex_4.JPEG
203_input_4.JPEG
204_LRP_Alex_0.JPEG
204_input_0.JPEG
205_LRP_Alex_1.JPEG
205_input_1.JPEG
206_LRP_Alex_9.JPEG
206_input_9.JPEG
207_LRP_Alex_3.JPEG
207_input_3.JPEG
208_LRP_Alex_6.JPEG
208_input_6.JPEG
209_LRP_Alex_1.JPEG
209_input_1.JPEG
210_LRP_Alex_1.JPEG
210_input_1.JPEG
211_LRP_Alex_3.JPEG
211_input_3.JPEG
212_LRP_Alex_5.JPEG
212_input_5.JPEG
213_LRP_Alex_0.JPEG
213_input_0.JPEG
214_LRP_Alex_9.JPEG
214_input_9.JPEG
215_LRP_Alex_1.JPEG
215_input_1.JPEG
216_LRP_Alex_3.JPEG
216_input_3.JPEG
217_LRP_Alex_3.JPEG
217_input_3.JPEG
218_LRP_Alex_1.JPEG
218_input_1.JPEG
219_LRP_Alex_7.JPEG
219_input_7.JPEG
220_LRP_Alex_4.JPEG
220_input_4.JPEG
221_LRP_Alex_6.JPEG
221_input_6.JPEG
222_LRP_Alex_6.JPEG
222_input_6.JPEG
223_LRP_Alex_0.JPEG
223_input_0.JPEG
224_LRP_Alex_4.JPEG
224_input_4.JPEG
225_LRP_Alex_5.JPEG
225_input_5.JPEG
226_LRP_Alex_0.JPEG
226_input_0.JPEG
227_LRP_Alex_3.JPEG
227_input_3.JPEG
228_LRP_Alex_2.JPEG
228_input_2.JPEG
229_LRP_Alex_7.JPEG
229_input_7.JPEG
230_LRP_Alex_5.JPEG
230_input_5.JPEG
231_LRP_Alex_9.JPEG
231_input_9.JPEG
232_LRP_Alex_9.JPEG
232_input_9.JPEG
233_LRP_Alex_4.JPEG
233_input_4.JPEG
234_LRP_Alex_2.JPEG
234_input_2.JPEG
235_LRP_Alex_7.JPEG
235_input_7.JPEG
236_LRP_Alex_0.JPEG
236_input_0.JPEG
237_LRP_Alex_3.JPEG
237_input_3.JPEG
238_LRP_Alex_0.JPEG
238_input_0.JPEG
239_LRP_Alex_4.JPEG
239_input_4.JPEG
240_LRP_Alex_1.JPEG
240_input_1.JPEG
241_LRP_Alex_2.JPEG
241_input_2.JPEG
242_LRP_Alex_3.JPEG
242_input_3.JPEG
243_LRP_Alex_6.JPEG
243_input_6.JPEG
244_LRP_Alex_0.JPEG
244_input_0.JPEG
245_LRP_Alex_5.JPEG
245_input_5.JPEG
246_LRP_Alex_8.JPEG
246_input_8.JPEG
247_LRP_Alex_4.JPEG
247_input_4.JPEG
248_LRP_Alex_5.JPEG
248_input_5.JPEG
249_LRP_Alex_1.JPEG
249_input_1.JPEG
250_LRP_Alex_7.JPEG
250_input_7.JPEG
251_LRP_Alex_3.JPEG
251_input_3.JPEG
252_LRP_Alex_7.JPEG
252_input_7.JPEG
253_LRP_Alex_4.JPEG
253_input_4.JPEG
254_LRP_Alex_6.JPEG
254_input_6.JPEG
255_LRP_Alex_2.JPEG
255_input_2.JPEG
256_LRP_Alex_7.JPEG
256_input_7.JPEG
257_LRP_Alex_4.JPEG
257_input_4.JPEG
258_LRP_Alex_9.JPEG
258_input_9.JPEG
259_LRP_Alex_2.JPEG
259_input_2.JPEG
260_LRP_Alex_4.JPEG
260_input_4.JPEG
261_LRP_Alex_2.JPEG
261_input_2.JPEG
262_LRP_Alex_1.JPEG
262_input_1.JPEG
263_LRP_Alex_4.JPEG
263_input_4.JPEG
264_LRP_Alex_0.JPEG
264_input_0.JPEG
265_LRP_Alex_1.JPEG
265_input_1.JPEG
266_LRP_Alex_7.JPEG
266_input_7.JPEG
267_LRP_Alex_7.JPEG
267_input_7.JPEG
268_LRP_Alex_0.JPEG
268_input_0.JPEG
269_LRP_Alex_2.JPEG
269_input_2.JPEG
270_LRP_Alex_8.JPEG
270_input_8.JPEG
271_LRP_Alex_8.JPEG
271_input_8.JPEG
272_LRP_Alex_4.JPEG
272_input_4.JPEG
273_LRP_Alex_4.JPEG
273_input_4.JPEG
274_LRP_Alex_6.JPEG
274_input_6.JPEG
275_LRP_Alex_1.JPEG
275_input_1.JPEG
276_LRP_Alex_9.JPEG
276_input_9.JPEG
277_LRP_Alex_0.JPEG
277_input_0.JPEG
278_LRP_Alex_7.JPEG
278_input_7.JPEG
279_LRP_Alex_1.JPEG
279_input_1.JPEG
280_LRP_Alex_9.JPEG
280_input_9.JPEG
281_LRP_Alex_6.JPEG
281_input_6.JPEG
282_LRP_Alex_5.JPEG
282_input_5.JPEG
283_LRP_Alex_7.JPEG
283_input_7.JPEG
284_LRP_Alex_3.JPEG
284_input_3.JPEG
285_LRP_Alex_8.JPEG
285_input_8.JPEG
286_LRP_Alex_3.JPEG
286_input_3.JPEG
287_LRP_Alex_8.JPEG
287_input_8.JPEG
288_LRP_Alex_7.JPEG
288_input_7.JPEG
289_LRP_Alex_3.JPEG
289_input_3.JPEG
290_LRP_Alex_1.JPEG
290_input_1.JPEG
291_LRP_Alex_2.JPEG
291_input_2.JPEG
292_LRP_Alex_0.JPEG
292_input_0.JPEG
293_LRP_Alex_3.JPEG
293_input_3.JPEG
294_LRP_Alex_9.JPEG
294_input_9.JPEG
295_LRP_Alex_8.JPEG
295_input_8.JPEG
296_LRP_Alex_3.JPEG
296_input_3.JPEG
297_LRP_Alex_3.JPEG
297_input_3.JPEG
298_LRP_Alex_0.JPEG
298_input_0.JPEG
299_LRP_Alex_3.JPEG
299_input_3.JPEG
300_LRP_Alex_5.JPEG
300_input_5.JPEG
301_LRP_Alex_9.JPEG
301_input_9.JPEG
302_LRP_Alex_7.JPEG
302_input_7.JPEG
303_LRP_Alex_6.JPEG
303_input_6.JPEG
304_LRP_Alex_5.JPEG
304_input_5.JPEG
305_LRP_Alex_9.JPEG
305_input_9.JPEG
306_LRP_Alex_6.JPEG
306_input_6.JPEG
307_LRP_Alex_2.JPEG
307_input_2.JPEG
308_LRP_Alex_7.JPEG
308_input_7.JPEG
309_LRP_Alex_6.JPEG
309_input_6.JPEG
310_LRP_Alex_4.JPEG
310_input_4.JPEG
311_LRP_Alex_1.JPEG
311_input_1.JPEG
312_LRP_Alex_4.JPEG
312_input_4.JPEG
313_LRP_Alex_1.JPEG
313_input_1.JPEG
314_LRP_Alex_9.JPEG
314_input_9.JPEG
315_LRP_Alex_5.JPEG
315_input_5.JPEG
316_LRP_Alex_7.JPEG
316_input_7.JPEG
317_LRP_Alex_2.JPEG
317_input_2.JPEG
318_LRP_Alex_2.JPEG
318_input_2.JPEG
319_LRP_Alex_4.JPEG
319_input_4.JPEG
320_LRP_Alex_4.JPEG
320_input_4.JPEG
321_LRP_Alex_7.JPEG
321_input_7.JPEG
322_LRP_Alex_0.JPEG
322_input_0.JPEG
323_LRP_Alex_6.JPEG
323_input_6.JPEG
324_LRP_Alex_5.JPEG
324_input_5.JPEG
325_LRP_Alex_2.JPEG
325_input_2.JPEG
326_LRP_Alex_6.JPEG
326_input_6.JPEG
327_LRP_Alex_3.JPEG
327_input_3.JPEG
328_LRP_Alex_1.JPEG
328_input_1.JPEG
329_LRP_Alex_6.JPEG
329_input_6.JPEG
330_LRP_Alex_0.JPEG
330_input_0.JPEG
331_LRP_Alex_8.JPEG
331_input_8.JPEG
332_LRP_Alex_8.JPEG
332_input_8.JPEG
333_LRP_Alex_9.JPEG
333_input_9.JPEG
334_LRP_Alex_8.JPEG
334_input_8.JPEG
335_LRP_Alex_0.JPEG
335_input_0.JPEG
336_LRP_Alex_6.JPEG
336_input_6.JPEG
337_LRP_Alex_4.JPEG
337_input_4.JPEG
338_LRP_Alex_7.JPEG
338_input_7.JPEG
339_LRP_Alex_4.JPEG
339_input_4.JPEG
340_LRP_Alex_9.JPEG
340_input_9.JPEG
341_LRP_Alex_5.JPEG
341_input_5.JPEG
342_LRP_Alex_6.JPEG
342_input_6.JPEG
343_LRP_Alex_7.JPEG
343_input_7.JPEG
344_LRP_Alex_0.JPEG
344_input_0.JPEG
345_LRP_Alex_8.JPEG
345_input_8.JPEG
346_LRP_Alex_0.JPEG
346_input_0.JPEG
347_LRP_Alex_5.JPEG
347_input_5.JPEG
348_LRP_Alex_8.JPEG
348_input_8.JPEG
349_LRP_Alex_1.JPEG
349_input_1.JPEG
350_LRP_Alex_9.JPEG
350_input_9.JPEG
351_LRP_Alex_0.JPEG
351_input_0.JPEG
352_LRP_Alex_7.JPEG
352_input_7.JPEG
353_LRP_Alex_5.JPEG
353_input_5.JPEG
354_LRP_Alex_7.JPEG
354_input_7.JPEG
355_LRP_Alex_5.JPEG
355_input_5.JPEG
356_LRP_Alex_8.JPEG
356_input_8.JPEG
357_LRP_Alex_3.JPEG
357_input_3.JPEG
358_LRP_Alex_2.JPEG
358_input_2.JPEG
359_LRP_Alex_0.JPEG
359_input_0.JPEG
360_LRP_Alex_9.JPEG
360_input_9.JPEG
361_LRP_Alex_1.JPEG
361_input_1.JPEG
362_LRP_Alex_7.JPEG
362_input_7.JPEG
363_LRP_Alex_3.JPEG
363_input_3.JPEG
364_LRP_Alex_1.JPEG
364_input_1.JPEG
365_LRP_Alex_8.JPEG
365_input_8.JPEG
366_LRP_Alex_2.JPEG
366_input_2.JPEG
367_LRP_Alex_8.JPEG
367_input_8.JPEG
368_LRP_Alex_1.JPEG
368_input_1.JPEG
369_LRP_Alex_9.JPEG
369_input_9.JPEG
370_LRP_Alex_7.JPEG
370_input_7.JPEG
371_LRP_Alex_6.JPEG
371_input_6.JPEG
372_LRP_Alex_4.JPEG
372_input_4.JPEG
373_LRP_Alex_4.JPEG
373_input_4.JPEG
374_LRP_Alex_6.JPEG
374_input_6.JPEG
375_LRP_Alex_4.JPEG
375_input_4.JPEG
376_LRP_Alex_3.JPEG
376_input_3.JPEG
377_LRP_Alex_3.JPEG
377_input_3.JPEG
378_LRP_Alex_1.JPEG
378_input_1.JPEG
379_LRP_Alex_8.JPEG
379_input_8.JPEG
380_LRP_Alex_7.JPEG
380_input_7.JPEG
381_LRP_Alex_3.JPEG
381_input_3.JPEG
382_LRP_Alex_9.JPEG
382_input_9.JPEG
383_LRP_Alex_4.JPEG
383_input_4.JPEG
384_LRP_Alex_1.JPEG
384_input_1.JPEG
385_LRP_Alex_2.JPEG
385_input_2.JPEG
386_LRP_Alex_0.JPEG
386_input_0.JPEG
387_LRP_Alex_2.JPEG
387_input_2.JPEG
388_LRP_Alex_8.JPEG
388_input_8.JPEG
389_LRP_Alex_9.JPEG
389_input_9.JPEG
390_LRP_Alex_5.JPEG
390_input_5.JPEG
391_LRP_Alex_2.JPEG
391_input_2.JPEG
392_LRP_Alex_1.JPEG
392_input_1.JPEG
393_LRP_Alex_9.JPEG
393_input_9.JPEG
394_LRP_Alex_0.JPEG
394_input_0.JPEG
395_LRP_Alex_2.JPEG
395_input_2.JPEG
396_LRP_Alex_8.JPEG
396_input_8.JPEG
397_LRP_Alex_2.JPEG
397_input_2.JPEG
398_LRP_Alex_9.JPEG
398_input_9.JPEG
399_LRP_Alex_6.JPEG
399_input_6.JPEG
400_LRP_Alex_3.JPEG
400_input_3.JPEG
401_LRP_Alex_8.JPEG
401_input_8.JPEG
402_LRP_Alex_2.JPEG
402_input_2.JPEG
403_LRP_Alex_6.JPEG
403_input_6.JPEG
404_LRP_Alex_5.JPEG
404_input_5.JPEG
405_LRP_Alex_2.JPEG
405_input_2.JPEG
406_LRP_Alex_9.JPEG
406_input_9.JPEG
407_LRP_Alex_8.JPEG
407_input_8.JPEG
408_LRP_Alex_7.JPEG
408_input_7.JPEG
409_LRP_Alex_6.JPEG
409_input_6.JPEG
410_LRP_Alex_9.JPEG
410_input_9.JPEG
411_LRP_Alex_6.JPEG
411_input_6.JPEG
412_LRP_Alex_8.JPEG
412_input_8.JPEG
413_LRP_Alex_5.JPEG
413_input_5.JPEG
414_LRP_Alex_1.JPEG
414_input_1.JPEG
415_LRP_Alex_2.JPEG
415_input_2.JPEG
416_LRP_Alex_3.JPEG
416_input_3.JPEG
417_LRP_Alex_5.JPEG
417_input_5.JPEG
418_LRP_Alex_8.JPEG
418_input_8.JPEG
419_LRP_Alex_6.JPEG
419_input_6.JPEG
420_LRP_Alex_4.JPEG
420_input_4.JPEG
421_LRP_Alex_3.JPEG
421_input_3.JPEG
422_LRP_Alex_2.JPEG
422_input_2.JPEG
423_LRP_Alex_8.JPEG
423_input_8.JPEG
424_LRP_Alex_9.JPEG
424_input_9.JPEG
425_LRP_Alex_7.JPEG
425_input_7.JPEG
426_LRP_Alex_3.JPEG
426_input_3.JPEG
427_LRP_Alex_3.JPEG
427_input_3.JPEG
428_LRP_Alex_7.JPEG
428_input_7.JPEG
429_LRP_Alex_4.JPEG
429_input_4.JPEG
430_LRP_Alex_1.JPEG
430_input_1.JPEG
431_LRP_Alex_3.JPEG
431_input_3.JPEG
432_LRP_Alex_7.JPEG
432_input_7.JPEG
433_LRP_Alex_7.JPEG
433_input_7.JPEG
434_LRP_Alex_6.JPEG
434_input_6.JPEG
435_LRP_Alex_7.JPEG
435_input_7.JPEG
436_LRP_Alex_4.JPEG
436_input_4.JPEG
437_LRP_Alex_1.JPEG
437_input_1.JPEG
438_LRP_Alex_9.JPEG
438_input_9.JPEG
439_LRP_Alex_4.JPEG
439_input_4.JPEG
440_LRP_Alex_4.JPEG
440_input_4.JPEG
441_LRP_Alex_5.JPEG
441_input_5.JPEG
442_LRP_Alex_2.JPEG
442_input_2.JPEG
443_LRP_Alex_0.JPEG
443_input_0.JPEG
444_LRP_Alex_8.JPEG
444_input_8.JPEG
445_LRP_Alex_5.JPEG
445_input_5.JPEG
446_LRP_Alex_1.JPEG
446_input_1.JPEG
447_LRP_Alex_8.JPEG
447_input_8.JPEG
448_LRP_Alex_0.JPEG
448_input_0.JPEG
449_LRP_Alex_7.JPEG
449_input_7.JPEG
450_LRP_Alex_6.JPEG
450_input_6.JPEG
451_LRP_Alex_3.JPEG
451_input_3.JPEG
452_LRP_Alex_4.JPEG
452_input_4.JPEG
453_LRP_Alex_5.JPEG
453_input_5.JPEG
454_LRP_Alex_5.JPEG
454_input_5.JPEG
455_LRP_Alex_3.JPEG
455_input_3.JPEG
456_LRP_Alex_8.JPEG
456_input_8.JPEG
457_LRP_Alex_9.JPEG
457_input_9.JPEG
458_LRP_Alex_6.JPEG
458_input_6.JPEG
459_LRP_Alex_8.JPEG
459_input_8.JPEG
460_LRP_Alex_6.JPEG
460_input_6.JPEG
461_LRP_Alex_9.JPEG
461_input_9.JPEG
462_LRP_Alex_4.JPEG
462_input_4.JPEG
463_LRP_Alex_9.JPEG
463_input_9.JPEG
464_LRP_Alex_6.JPEG
464_input_6.JPEG
465_LRP_Alex_6.JPEG
465_input_6.JPEG
466_LRP_Alex_4.JPEG
466_input_4.JPEG
467_LRP_Alex_8.JPEG
467_input_8.JPEG
468_LRP_Alex_5.JPEG
468_input_5.JPEG
469_LRP_Alex_2.JPEG
469_input_2.JPEG
470_LRP_Alex_5.JPEG
470_input_5.JPEG
471_LRP_Alex_6.JPEG
471_input_6.JPEG
472_LRP_Alex_6.JPEG
472_input_6.JPEG
473_LRP_Alex_5.JPEG
473_input_5.JPEG
474_LRP_Alex_5.JPEG
474_input_5.JPEG
475_LRP_Alex_8.JPEG
475_input_8.JPEG
476_LRP_Alex_9.JPEG
476_input_9.JPEG
477_LRP_Alex_5.JPEG
477_input_5.JPEG
478_LRP_Alex_5.JPEG
478_input_5.JPEG
479_LRP_Alex_2.JPEG
479_input_2.JPEG
480_LRP_Alex_4.JPEG
480_input_4.JPEG
481_LRP_Alex_0.JPEG
481_input_0.JPEG
482_LRP_Alex_5.JPEG
482_input_5.JPEG
483_LRP_Alex_7.JPEG
483_input_7.JPEG
484_LRP_Alex_1.JPEG
484_input_1.JPEG
485_LRP_Alex_6.JPEG
485_input_6.JPEG
486_LRP_Alex_7.JPEG
486_input_7.JPEG
487_LRP_Alex_1.JPEG
487_input_1.JPEG
488_LRP_Alex_5.JPEG
488_input_5.JPEG
489_LRP_Alex_4.JPEG
489_input_4.JPEG
490_LRP_Alex_8.JPEG
490_input_8.JPEG
491_LRP_Alex_5.JPEG
491_input_5.JPEG
492_LRP_Alex_3.JPEG
492_input_3.JPEG
493_LRP_Alex_5.JPEG
493_input_5.JPEG
494_LRP_Alex_4.JPEG
494_input_4.JPEG
495_LRP_Alex_1.JPEG
495_input_1.JPEG
496_LRP_Alex_1.JPEG
496_input_1.JPEG
497_LRP_Alex_6.JPEG
497_input_6.JPEG
498_LRP_Alex_3.JPEG
498_input_3.JPEG
499_LRP_Alex_9.JPEG
499_input_9.JPEG
500_LRP_Alex_5.JPEG
500_input_5.JPEG
501_LRP_Alex_0.JPEG
501_input_0.JPEG
502_LRP_Alex_6.JPEG
502_input_6.JPEG
503_LRP_Alex_9.JPEG
503_input_9.JPEG
504_LRP_Alex_1.JPEG
504_input_1.JPEG
505_LRP_Alex_5.JPEG
505_input_5.JPEG
506_LRP_Alex_7.JPEG
506_input_7.JPEG
507_LRP_Alex_7.JPEG
507_input_7.JPEG
508_LRP_Alex_5.JPEG
508_input_5.JPEG
509_LRP_Alex_3.JPEG
509_input_3.JPEG
510_LRP_Alex_2.JPEG
510_input_2.JPEG
511_LRP_Alex_7.JPEG
511_input_7.JPEG
512_LRP_Alex_3.JPEG
512_input_3.JPEG
513_LRP_Alex_1.JPEG
513_input_1.JPEG
514_LRP_Alex_0.JPEG
514_input_0.JPEG
515_LRP_Alex_9.JPEG
515_input_9.JPEG
516_LRP_Alex_4.JPEG
516_input_4.JPEG
517_LRP_Alex_8.JPEG
517_input_8.JPEG
518_LRP_Alex_4.JPEG
518_input_4.JPEG
519_LRP_Alex_9.JPEG
519_input_9.JPEG
520_LRP_Alex_2.JPEG
520_input_2.JPEG
521_LRP_Alex_1.JPEG
521_input_1.JPEG
522_LRP_Alex_0.JPEG
522_input_0.JPEG
523_LRP_Alex_3.JPEG
523_input_3.JPEG
524_LRP_Alex_3.JPEG
524_input_3.JPEG
525_LRP_Alex_5.JPEG
525_input_5.JPEG
526_LRP_Alex_8.JPEG
526_input_8.JPEG
527_LRP_Alex_4.JPEG
527_input_4.JPEG
528_LRP_Alex_5.JPEG
528_input_5.JPEG
529_LRP_Alex_8.JPEG
529_input_8.JPEG
530_LRP_Alex_9.JPEG
530_input_9.JPEG
531_LRP_Alex_9.JPEG
531_input_9.JPEG
532_LRP_Alex_6.JPEG
532_input_6.JPEG
533_LRP_Alex_7.JPEG
533_input_7.JPEG
534_LRP_Alex_6.JPEG
534_input_6.JPEG
535_LRP_Alex_4.JPEG
535_input_4.JPEG
536_LRP_Alex_0.JPEG
536_input_0.JPEG
537_LRP_Alex_0.JPEG
537_input_0.JPEG
538_LRP_Alex_5.JPEG
538_input_5.JPEG
539_LRP_Alex_2.JPEG
539_input_2.JPEG
540_LRP_Alex_5.JPEG
540_input_5.JPEG
541_LRP_Alex_2.JPEG
541_input_2.JPEG
542_LRP_Alex_6.JPEG
542_input_6.JPEG
543_LRP_Alex_8.JPEG
543_input_8.JPEG
544_LRP_Alex_9.JPEG
544_input_9.JPEG
545_LRP_Alex_2.JPEG
545_input_2.JPEG
546_LRP_Alex_6.JPEG
546_input_6.JPEG
547_LRP_Alex_0.JPEG
547_input_0.JPEG
548_LRP_Alex_9.JPEG
548_input_9.JPEG
549_LRP_Alex_0.JPEG
549_input_0.JPEG
550_LRP_Alex_7.JPEG
550_input_7.JPEG
551_LRP_Alex_8.JPEG
551_input_8.JPEG
552_LRP_Alex_0.JPEG
552_input_0.JPEG
553_LRP_Alex_9.JPEG
553_input_9.JPEG
554_LRP_Alex_3.JPEG
554_input_3.JPEG
555_LRP_Alex_8.JPEG
555_input_8.JPEG
556_LRP_Alex_3.JPEG
556_input_3.JPEG
557_LRP_Alex_2.JPEG
557_input_2.JPEG
558_LRP_Alex_9.JPEG
558_input_9.JPEG
559_LRP_Alex_9.JPEG
559_input_9.JPEG
560_LRP_Alex_4.JPEG
560_input_4.JPEG
561_LRP_Alex_3.JPEG
561_input_3.JPEG
562_LRP_Alex_6.JPEG
562_input_6.JPEG
563_LRP_Alex_9.JPEG
563_input_9.JPEG
564_LRP_Alex_0.JPEG
564_input_0.JPEG
565_LRP_Alex_5.JPEG
565_input_5.JPEG
566_LRP_Alex_5.JPEG
566_input_5.JPEG
567_LRP_Alex_5.JPEG
567_input_5.JPEG
568_LRP_Alex_0.JPEG
568_input_0.JPEG
569_LRP_Alex_5.JPEG
569_input_5.JPEG
570_LRP_Alex_0.JPEG
570_input_0.JPEG
571_LRP_Alex_7.JPEG
571_input_7.JPEG
572_LRP_Alex_8.JPEG
572_input_8.JPEG
573_LRP_Alex_8.JPEG
573_input_8.JPEG
574_LRP_Alex_0.JPEG
574_input_0.JPEG
575_LRP_Alex_7.JPEG
575_input_7.JPEG
576_LRP_Alex_7.JPEG
576_input_7.JPEG
577_LRP_Alex_8.JPEG
577_input_8.JPEG
578_LRP_Alex_6.JPEG
578_input_6.JPEG
579_LRP_Alex_4.JPEG
579_input_4.JPEG
580_LRP_Alex_0.JPEG
580_input_0.JPEG
581_LRP_Alex_6.JPEG
581_input_6.JPEG
582_LRP_Alex_9.JPEG
582_input_9.JPEG
583_LRP_Alex_4.JPEG
583_input_4.JPEG
584_LRP_Alex_3.JPEG
584_input_3.JPEG
585_LRP_Alex_5.JPEG
585_input_5.JPEG
586_LRP_Alex_1.JPEG
586_input_1.JPEG
587_LRP_Alex_6.JPEG
587_input_6.JPEG
588_LRP_Alex_5.JPEG
588_input_5.JPEG
589_LRP_Alex_3.JPEG
589_input_3.JPEG
590_LRP_Alex_6.JPEG
590_input_6.JPEG
591_LRP_Alex_6.JPEG
591_input_6.JPEG
592_LRP_Alex_2.JPEG
592_input_2.JPEG
593_LRP_Alex_2.JPEG
593_input_2.JPEG
594_LRP_Alex_6.JPEG
594_input_6.JPEG
595_LRP_Alex_3.JPEG
595_input_3.JPEG
596_LRP_Alex_3.JPEG
596_input_3.JPEG
597_LRP_Alex_4.JPEG
597_input_4.JPEG
598_LRP_Alex_6.JPEG
598_input_6.JPEG
599_LRP_Alex_2.JPEG
599_input_2.JPEG
600_LRP_Alex_0.JPEG
600_input_0.JPEG
601_LRP_Alex_2.JPEG
601_input_2.JPEG
602_LRP_Alex_2.JPEG
602_input_2.JPEG
603_LRP_Alex_9.JPEG
603_input_9.JPEG
604_LRP_Alex_1.JPEG
604_input_1.JPEG
605_LRP_Alex_7.JPEG
605_input_7.JPEG
606_LRP_Alex_0.JPEG
606_input_0.JPEG
607_LRP_Alex_0.JPEG
607_input_0.JPEG
608_LRP_Alex_9.JPEG
608_input_9.JPEG
609_LRP_Alex_7.JPEG
609_input_7.JPEG
610_LRP_Alex_8.JPEG
610_input_8.JPEG
611_LRP_Alex_7.JPEG
611_input_7.JPEG
612_LRP_Alex_8.JPEG
612_input_8.JPEG
613_LRP_Alex_2.JPEG
613_input_2.JPEG
614_LRP_Alex_1.JPEG
614_input_1.JPEG
615_LRP_Alex_7.JPEG
615_input_7.JPEG
616_LRP_Alex_0.JPEG
616_input_0.JPEG
617_LRP_Alex_8.JPEG
617_input_8.JPEG
618_LRP_Alex_7.JPEG
618_input_7.JPEG
619_LRP_Alex_8.JPEG
619_input_8.JPEG
620_LRP_Alex_2.JPEG
620_input_2.JPEG
621_LRP_Alex_6.JPEG
621_input_6.JPEG
622_LRP_Alex_8.JPEG
622_input_8.JPEG
623_LRP_Alex_0.JPEG
623_input_0.JPEG
624_LRP_Alex_9.JPEG
624_input_9.JPEG
625_LRP_Alex_1.JPEG
625_input_1.JPEG
626_LRP_Alex_9.JPEG
626_input_9.JPEG
627_LRP_Alex_4.JPEG
627_input_4.JPEG
628_LRP_Alex_7.JPEG
628_input_7.JPEG
629_LRP_Alex_0.JPEG
629_input_0.JPEG
630_LRP_Alex_1.JPEG
630_input_1.JPEG
631_LRP_Alex_3.JPEG
631_input_3.JPEG
632_LRP_Alex_8.JPEG
632_input_8.JPEG
633_LRP_Alex_6.JPEG
633_input_6.JPEG
634_LRP_Alex_8.JPEG
634_input_8.JPEG
635_LRP_Alex_1.JPEG
635_input_1.JPEG
636_LRP_Alex_1.JPEG
636_input_1.JPEG
637_LRP_Alex_6.JPEG
637_input_6.JPEG
638_LRP_Alex_5.JPEG
638_input_5.JPEG
639_LRP_Alex_3.JPEG
639_input_3.JPEG
640_LRP_Alex_2.JPEG
640_input_2.JPEG
641_LRP_Alex_4.JPEG
641_input_4.JPEG
642_LRP_Alex_5.JPEG
642_input_5.JPEG
643_LRP_Alex_8.JPEG
643_input_8.JPEG
644_LRP_Alex_0.JPEG
644_input_0.JPEG
645_LRP_Alex_5.JPEG
645_input_5.JPEG
646_LRP_Alex_7.JPEG
646_input_7.JPEG
647_LRP_Alex_7.JPEG
647_input_7.JPEG
648_LRP_Alex_7.JPEG
648_input_7.JPEG
649_LRP_Alex_6.JPEG
649_input_6.JPEG
650_LRP_Alex_8.JPEG
650_input_8.JPEG
651_LRP_Alex_9.JPEG
651_input_9.JPEG
652_LRP_Alex_6.JPEG
652_input_6.JPEG
653_LRP_Alex_6.JPEG
653_input_6.JPEG
654_LRP_Alex_5.JPEG
654_input_5.JPEG
655_LRP_Alex_0.JPEG
655_input_0.JPEG
656_LRP_Alex_0.JPEG
656_input_0.JPEG
657_LRP_Alex_5.JPEG
657_input_5.JPEG
658_LRP_Alex_8.JPEG
658_input_8.JPEG
659_LRP_Alex_9.JPEG
659_input_9.JPEG
660_LRP_Alex_7.JPEG
660_input_7.JPEG
661_LRP_Alex_9.JPEG
661_input_9.JPEG
662_LRP_Alex_6.JPEG
662_input_6.JPEG
663_LRP_Alex_3.JPEG
663_input_3.JPEG
664_LRP_Alex_9.JPEG
664_input_9.JPEG
665_LRP_Alex_7.JPEG
665_input_7.JPEG
666_LRP_Alex_5.JPEG
666_input_5.JPEG
667_LRP_Alex_0.JPEG
667_input_0.JPEG
668_LRP_Alex_1.JPEG
668_input_1.JPEG
669_LRP_Alex_4.JPEG
669_input_4.JPEG
670_LRP_Alex_2.JPEG
670_input_2.JPEG
671_LRP_Alex_0.JPEG
671_input_0.JPEG
672_LRP_Alex_1.JPEG
672_input_1.JPEG
673_LRP_Alex_9.JPEG
673_input_9.JPEG
674_LRP_Alex_6.JPEG
674_input_6.JPEG
675_LRP_Alex_0.JPEG
675_input_0.JPEG
676_LRP_Alex_6.JPEG
676_input_6.JPEG
677_LRP_Alex_4.JPEG
677_input_4.JPEG
678_LRP_Alex_5.JPEG
678_input_5.JPEG
679_LRP_Alex_2.JPEG
679_input_2.JPEG
680_LRP_Alex_6.JPEG
680_input_6.JPEG
681_LRP_Alex_3.JPEG
681_input_3.JPEG
682_LRP_Alex_4.JPEG
682_input_4.JPEG
683_LRP_Alex_1.JPEG
683_input_1.JPEG
684_LRP_Alex_8.JPEG
684_input_8.JPEG
685_LRP_Alex_6.JPEG
685_input_6.JPEG
686_LRP_Alex_0.JPEG
686_input_0.JPEG
687_LRP_Alex_9.JPEG
687_input_9.JPEG
688_LRP_Alex_2.JPEG
688_input_2.JPEG
689_LRP_Alex_6.JPEG
689_input_6.JPEG
690_LRP_Alex_2.JPEG
690_input_2.JPEG
691_LRP_Alex_2.JPEG
691_input_2.JPEG
692_LRP_Alex_8.JPEG
692_input_8.JPEG
693_LRP_Alex_3.JPEG
693_input_3.JPEG
694_LRP_Alex_1.JPEG
694_input_1.JPEG
695_LRP_Alex_3.JPEG
695_input_3.JPEG
696_LRP_Alex_8.JPEG
696_input_8.JPEG
697_LRP_Alex_7.JPEG
697_input_7.JPEG
698_LRP_Alex_8.JPEG
698_input_8.JPEG
699_LRP_Alex_3.JPEG
699_input_3.JPEG
700_LRP_Alex_8.JPEG
700_input_8.JPEG
701_LRP_Alex_2.JPEG
701_input_2.JPEG
702_LRP_Alex_5.JPEG
702_input_5.JPEG
703_LRP_Alex_0.JPEG
703_input_0.JPEG
704_LRP_Alex_2.JPEG
704_input_2.JPEG
705_LRP_Alex_0.JPEG
705_input_0.JPEG
706_LRP_Alex_3.JPEG
706_input_3.JPEG
707_LRP_Alex_3.JPEG
707_input_3.JPEG
708_LRP_Alex_1.JPEG
708_input_1.JPEG
709_LRP_Alex_6.JPEG
709_input_6.JPEG
710_LRP_Alex_0.JPEG
710_input_0.JPEG
711_LRP_Alex_8.JPEG
711_input_8.JPEG
712_LRP_Alex_3.JPEG
712_input_3.JPEG
713_LRP_Alex_5.JPEG
713_input_5.JPEG
714_LRP_Alex_2.JPEG
714_input_2.JPEG
715_LRP_Alex_8.JPEG
715_input_8.JPEG
716_LRP_Alex_1.JPEG
716_input_1.JPEG
717_LRP_Alex_8.JPEG
717_input_8.JPEG
718_LRP_Alex_3.JPEG
718_input_3.JPEG
719_LRP_Alex_2.JPEG
719_input_2.JPEG
720_LRP_Alex_2.JPEG
720_input_2.JPEG
721_LRP_Alex_6.JPEG
721_input_6.JPEG
722_LRP_Alex_8.JPEG
722_input_8.JPEG
723_LRP_Alex_0.JPEG
723_input_0.JPEG
724_LRP_Alex_3.JPEG
724_input_3.JPEG
725_LRP_Alex_5.JPEG
725_input_5.JPEG
726_LRP_Alex_6.JPEG
726_input_6.JPEG
727_LRP_Alex_9.JPEG
727_input_9.JPEG
728_LRP_Alex_3.JPEG
728_input_3.JPEG
729_LRP_Alex_8.JPEG
729_input_8.JPEG
730_LRP_Alex_2.JPEG
730_input_2.JPEG
731_LRP_Alex_9.JPEG
731_input_9.JPEG
732_LRP_Alex_3.JPEG
732_input_3.JPEG
733_LRP_Alex_1.JPEG
733_input_1.JPEG
734_LRP_Alex_1.JPEG
734_input_1.JPEG
735_LRP_Alex_3.JPEG
735_input_3.JPEG
736_LRP_Alex_3.JPEG
736_input_3.JPEG
737_LRP_Alex_2.JPEG
737_input_2.JPEG
738_LRP_Alex_8.JPEG
738_input_8.JPEG
739_LRP_Alex_7.JPEG
739_input_7.JPEG
740_LRP_Alex_9.JPEG
740_input_9.JPEG
741_LRP_Alex_1.JPEG
741_input_1.JPEG
742_LRP_Alex_9.JPEG
742_input_9.JPEG
743_LRP_Alex_2.JPEG
743_input_2.JPEG
744_LRP_Alex_3.JPEG
744_input_3.JPEG
745_LRP_Alex_8.JPEG
745_input_8.JPEG
746_LRP_Alex_0.JPEG
746_input_0.JPEG
747_LRP_Alex_5.JPEG
747_input_5.JPEG
748_LRP_Alex_6.JPEG
748_input_6.JPEG
749_LRP_Alex_6.JPEG
749_input_6.JPEG
750_LRP_Alex_1.JPEG
750_input_1.JPEG
751_LRP_Alex_7.JPEG
751_input_7.JPEG
752_LRP_Alex_5.JPEG
752_input_5.JPEG
753_LRP_Alex_5.JPEG
753_input_5.JPEG
754_LRP_Alex_5.JPEG
754_input_5.JPEG
755_LRP_Alex_6.JPEG
755_input_6.JPEG
756_LRP_Alex_5.JPEG
756_input_5.JPEG
757_LRP_Alex_2.JPEG
757_input_2.JPEG
758_LRP_Alex_6.JPEG
758_input_6.JPEG
759_LRP_Alex_4.JPEG
759_input_4.JPEG
760_LRP_Alex_9.JPEG
760_input_9.JPEG
761_LRP_Alex_8.JPEG
761_input_8.JPEG
762_LRP_Alex_2.JPEG
762_input_2.JPEG
763_LRP_Alex_4.JPEG
763_input_4.JPEG
764_LRP_Alex_1.JPEG
764_input_1.JPEG
765_LRP_Alex_4.JPEG
765_input_4.JPEG
766_LRP_Alex_9.JPEG
766_input_9.JPEG
767_LRP_Alex_6.JPEG
767_input_6.JPEG
768_LRP_Alex_9.JPEG
768_input_9.JPEG
769_LRP_Alex_0.JPEG
769_input_0.JPEG
770_LRP_Alex_6.JPEG
770_input_6.JPEG
771_LRP_Alex_8.JPEG
771_input_8.JPEG
772_LRP_Alex_4.JPEG
772_input_4.JPEG
773_LRP_Alex_9.JPEG
773_input_9.JPEG
774_LRP_Alex_1.JPEG
774_input_1.JPEG
775_LRP_Alex_7.JPEG
775_input_7.JPEG
776_LRP_Alex_2.JPEG
776_input_2.JPEG
777_LRP_Alex_2.JPEG
777_input_2.JPEG
778_LRP_Alex_0.JPEG
778_input_0.JPEG
779_LRP_Alex_0.JPEG
779_input_0.JPEG
780_LRP_Alex_5.JPEG
780_input_5.JPEG
781_LRP_Alex_7.JPEG
781_input_7.JPEG
782_LRP_Alex_7.JPEG
782_input_7.JPEG
783_LRP_Alex_0.JPEG
783_input_0.JPEG
784_LRP_Alex_0.JPEG
784_input_0.JPEG
785_LRP_Alex_0.JPEG
785_input_0.JPEG
786_LRP_Alex_3.JPEG
786_input_3.JPEG
787_LRP_Alex_9.JPEG
787_input_9.JPEG
788_LRP_Alex_5.JPEG
788_input_5.JPEG
789_LRP_Alex_5.JPEG
789_input_5.JPEG
790_LRP_Alex_6.JPEG
790_input_6.JPEG
791_LRP_Alex_8.JPEG
791_input_8.JPEG
792_LRP_Alex_6.JPEG
792_input_6.JPEG
793_LRP_Alex_5.JPEG
793_input_5.JPEG
794_LRP_Alex_7.JPEG
794_input_7.JPEG
795_LRP_Alex_4.JPEG
795_input_4.JPEG
796_LRP_Alex_2.JPEG
796_input_2.JPEG
797_LRP_Alex_4.JPEG
797_input_4.JPEG
798_LRP_Alex_1.JPEG
798_input_1.JPEG
799_LRP_Alex_9.JPEG
799_input_9.JPEG
800_LRP_Alex_3.JPEG
800_input_3.JPEG
801_LRP_Alex_2.JPEG
801_input_2.JPEG
802_LRP_Alex_1.JPEG
802_input_1.JPEG
803_LRP_Alex_7.JPEG
803_input_7.JPEG
804_LRP_Alex_7.JPEG
804_input_7.JPEG
805_LRP_Alex_1.JPEG
805_input_1.JPEG
806_LRP_Alex_7.JPEG
806_input_7.JPEG
807_LRP_Alex_3.JPEG
807_input_3.JPEG
808_LRP_Alex_7.JPEG
808_input_7.JPEG
809_LRP_Alex_7.JPEG
809_input_7.JPEG
810_LRP_Alex_4.JPEG
810_input_4.JPEG
811_LRP_Alex_5.JPEG
811_input_5.JPEG
812_LRP_Alex_6.JPEG
812_input_6.JPEG
813_LRP_Alex_9.JPEG
813_input_9.JPEG
814_LRP_Alex_6.JPEG
814_input_6.JPEG
815_LRP_Alex_0.JPEG
815_input_0.JPEG
816_LRP_Alex_2.JPEG
816_input_2.JPEG
817_LRP_Alex_7.JPEG
817_input_7.JPEG
818_LRP_Alex_5.JPEG
818_input_5.JPEG
819_LRP_Alex_1.JPEG
819_input_1.JPEG
820_LRP_Alex_6.JPEG
820_input_6.JPEG
821_LRP_Alex_0.JPEG
821_input_0.JPEG
822_LRP_Alex_5.JPEG
822_input_5.JPEG
823_LRP_Alex_5.JPEG
823_input_5.JPEG
824_LRP_Alex_9.JPEG
824_input_9.JPEG
825_LRP_Alex_2.JPEG
825_input_2.JPEG
826_LRP_Alex_8.JPEG
826_input_8.JPEG
827_LRP_Alex_2.JPEG
827_input_2.JPEG
828_LRP_Alex_1.JPEG
828_input_1.JPEG
829_LRP_Alex_6.JPEG
829_input_6.JPEG
830_LRP_Alex_2.JPEG
830_input_2.JPEG
831_LRP_Alex_3.JPEG
831_input_3.JPEG
832_LRP_Alex_7.JPEG
832_input_7.JPEG
833_LRP_Alex_5.JPEG
833_input_5.JPEG
834_LRP_Alex_6.JPEG
834_input_6.JPEG
835_LRP_Alex_0.JPEG
835_input_0.JPEG
836_LRP_Alex_8.JPEG
836_input_8.JPEG
837_LRP_Alex_7.JPEG
837_input_7.JPEG
838_LRP_Alex_3.JPEG
838_input_3.JPEG
839_LRP_Alex_2.JPEG
839_input_2.JPEG
840_LRP_Alex_2.JPEG
840_input_2.JPEG
841_LRP_Alex_7.JPEG
841_input_7.JPEG
842_LRP_Alex_3.JPEG
842_input_3.JPEG
843_LRP_Alex_3.JPEG
843_input_3.JPEG
844_LRP_Alex_1.JPEG
844_input_1.JPEG
845_LRP_Alex_3.JPEG
845_input_3.JPEG
846_LRP_Alex_4.JPEG
846_input_4.JPEG
847_LRP_Alex_8.JPEG
847_input_8.JPEG
848_LRP_Alex_5.JPEG
848_input_5.JPEG
849_LRP_Alex_1.JPEG
849_input_1.JPEG
850_LRP_Alex_3.JPEG
850_input_3.JPEG
851_LRP_Alex_9.JPEG
851_input_9.JPEG
852_LRP_Alex_6.JPEG
852_input_6.JPEG
853_LRP_Alex_3.JPEG
853_input_3.JPEG
854_LRP_Alex_1.JPEG
854_input_1.JPEG
855_LRP_Alex_3.JPEG
855_input_3.JPEG
856_LRP_Alex_1.JPEG
856_input_1.JPEG
857_LRP_Alex_4.JPEG
857_input_4.JPEG
858_LRP_Alex_0.JPEG
858_input_0.JPEG
859_LRP_Alex_3.JPEG
859_input_3.JPEG
860_LRP_Alex_3.JPEG
860_input_3.JPEG
861_LRP_Alex_0.JPEG
861_input_0.JPEG
862_LRP_Alex_4.JPEG
862_input_4.JPEG
863_LRP_Alex_8.JPEG
863_input_8.JPEG
864_LRP_Alex_4.JPEG
864_input_4.JPEG
865_LRP_Alex_5.JPEG
865_input_5.JPEG
866_LRP_Alex_9.JPEG
866_input_9.JPEG
867_LRP_Alex_6.JPEG
867_input_6.JPEG
868_LRP_Alex_5.JPEG
868_input_5.JPEG
869_LRP_Alex_1.JPEG
869_input_1.JPEG
870_LRP_Alex_3.JPEG
870_input_3.JPEG
871_LRP_Alex_0.JPEG
871_input_0.JPEG
872_LRP_Alex_6.JPEG
872_input_6.JPEG
873_LRP_Alex_0.JPEG
873_input_0.JPEG
874_LRP_Alex_7.JPEG
874_input_7.JPEG
875_LRP_Alex_1.JPEG
875_input_1.JPEG
876_LRP_Alex_4.JPEG
876_input_4.JPEG
877_LRP_Alex_4.JPEG
877_input_4.JPEG
878_LRP_Alex_5.JPEG
878_input_5.JPEG
879_LRP_Alex_8.JPEG
879_input_8.JPEG
880_LRP_Alex_9.JPEG
880_input_9.JPEG
881_LRP_Alex_4.JPEG
881_input_4.JPEG
882_LRP_Alex_6.JPEG
882_input_6.JPEG
883_LRP_Alex_9.JPEG
883_input_9.JPEG
884_LRP_Alex_6.JPEG
884_input_6.JPEG
885_LRP_Alex_7.JPEG
885_input_7.JPEG
886_LRP_Alex_9.JPEG
886_input_9.JPEG
887_LRP_Alex_5.JPEG
887_input_5.JPEG
888_LRP_Alex_7.JPEG
888_input_7.JPEG
889_LRP_Alex_4.JPEG
889_input_4.JPEG
890_LRP_Alex_8.JPEG
890_input_8.JPEG
891_LRP_Alex_6.JPEG
891_input_6.JPEG
892_LRP_Alex_1.JPEG
892_input_1.JPEG
893_LRP_Alex_8.JPEG
893_input_8.JPEG
894_LRP_Alex_8.JPEG
894_input_8.JPEG
895_LRP_Alex_4.JPEG
895_input_4.JPEG
896_LRP_Alex_6.JPEG
896_input_6.JPEG
897_LRP_Alex_7.JPEG
897_input_7.JPEG
898_LRP_Alex_8.JPEG
898_input_8.JPEG
899_LRP_Alex_4.JPEG
899_input_4.JPEG
