0_jackson_0.npy
0_jackson_1.npy
0_jackson_2.npy
0_jackson_3.npy
0_jackson_4.npy
0_jackson_5.npy
0_jackson_6.npy
0_jackson_7.npy
0_jackson_8.npy
0_jackson_9.npy
0_jackson_10.npy
0_jackson_11.npy
0_jackson_12.npy
0_jackson_13.npy
0_jackson_14.npy
0_jackson_15.npy
0_jackson_16.npy
0_jackson_17.npy
0_jackson_18.npy
0_jackson_19.npy
0_jackson_20.npy
0_jackson_21.npy
0_jackson_22.npy
0_jackson_23.npy
0_jackson_24.npy
0_jackson_25.npy
0_jackson_26.npy
0_jackson_27.npy
0_jackson_28.npy
0_jackson_29.npy
0_jackson_30.npy
0_jackson_31.npy
0_jackson_32.npy
0_jackson_33.npy
0_jackson_34.npy
0_jackson_35.npy
0_jackson_36.npy
0_jackson_37.npy
0_jackson_38.npy
0_jackson_39.npy
0_jackson_40.npy
0_jackson_41.npy
0_jackson_42.npy
0_jackson_43.npy
0_jackson_44.npy
0_jackson_45.npy
0_jackson_46.npy
0_jackson_47.npy
0_jackson_48.npy
0_jackson_49.npy
0_nicolas_0.npy
0_nicolas_1.npy
0_nicolas_2.npy
0_nicolas_3.npy
0_nicolas_4.npy
0_nicolas_5.npy
0_nicolas_6.npy
0_nicolas_7.npy
0_nicolas_8.npy
0_nicolas_9.npy
0_nicolas_10.npy
0_nicolas_11.npy
0_nicolas_12.npy
0_nicolas_13.npy
0_nicolas_14.npy
0_nicolas_15.npy
0_nicolas_16.npy
0_nicolas_17.npy
0_nicolas_18.npy
0_nicolas_19.npy
0_nicolas_20.npy
0_nicolas_21.npy
0_nicolas_22.npy
0_nicolas_23.npy
0_nicolas_24.npy
0_nicolas_25.npy
0_nicolas_26.npy
0_nicolas_27.npy
0_nicolas_28.npy
0_nicolas_29.npy
0_nicolas_30.npy
0_nicolas_31.npy
0_nicolas_32.npy
0_nicolas_33.npy
0_nicolas_34.npy
0_nicolas_35.npy
0_nicolas_36.npy
0_nicolas_37.npy
0_nicolas_38.npy
0_nicolas_39.npy
0_nicolas_40.npy
0_nicolas_41.npy
0_nicolas_42.npy
0_nicolas_43.npy
0_nicolas_44.npy
0_nicolas_45.npy
0_nicolas_46.npy
0_nicolas_47.npy
0_nicolas_48.npy
0_nicolas_49.npy
0_theo_0.npy
0_theo_1.npy
0_theo_2.npy
0_theo_3.npy
0_theo_4.npy
0_theo_5.npy
0_theo_6.npy
0_theo_7.npy
0_theo_8.npy
0_theo_9.npy
0_theo_10.npy
0_theo_11.npy
0_theo_12.npy
0_theo_13.npy
0_theo_14.npy
0_theo_15.npy
0_theo_16.npy
0_theo_17.npy
0_theo_18.npy
0_theo_19.npy
0_theo_20.npy
0_theo_21.npy
0_theo_22.npy
0_theo_23.npy
0_theo_24.npy
0_theo_25.npy
0_theo_26.npy
0_theo_27.npy
0_theo_28.npy
0_theo_29.npy
0_theo_30.npy
0_theo_31.npy
0_theo_32.npy
0_theo_33.npy
0_theo_34.npy
0_theo_35.npy
0_theo_36.npy
0_theo_37.npy
0_theo_38.npy
0_theo_39.npy
0_theo_40.npy
0_theo_41.npy
0_theo_42.npy
0_theo_43.npy
0_theo_44.npy
0_theo_45.npy
0_theo_46.npy
0_theo_47.npy
0_theo_48.npy
0_theo_49.npy
1_jackson_0.npy
1_jackson_1.npy
1_jackson_2.npy
1_jackson_3.npy
1_jackson_4.npy
1_jackson_5.npy
1_jackson_6.npy
1_jackson_7.npy
1_jackson_8.npy
1_jackson_9.npy
1_jackson_10.npy
1_jackson_11.npy
1_jackson_12.npy
1_jackson_13.npy
1_jackson_14.npy
1_jackson_15.npy
1_jackson_16.npy
1_jackson_17.npy
1_jackson_18.npy
1_jackson_19.npy
1_jackson_20.npy
1_jackson_21.npy
1_jackson_22.npy
1_jackson_23.npy
1_jackson_24.npy
1_jackson_25.npy
1_jackson_26.npy
1_jackson_27.npy
1_jackson_28.npy
1_jackson_29.npy
1_jackson_30.npy
1_jackson_31.npy
1_jackson_32.npy
1_jackson_33.npy
1_jackson_34.npy
1_jackson_35.npy
1_jackson_36.npy
1_jackson_37.npy
1_jackson_38.npy
1_jackson_39.npy
1_jackson_40.npy
1_jackson_41.npy
1_jackson_42.npy
1_jackson_43.npy
1_jackson_44.npy
1_jackson_45.npy
1_jackson_46.npy
1_jackson_47.npy
1_jackson_48.npy
1_jackson_49.npy
1_nicolas_0.npy
1_nicolas_1.npy
1_nicolas_2.npy
1_nicolas_3.npy
1_nicolas_4.npy
1_nicolas_5.npy
1_nicolas_6.npy
1_nicolas_7.npy
1_nicolas_8.npy
1_nicolas_9.npy
1_nicolas_10.npy
1_nicolas_11.npy
1_nicolas_12.npy
1_nicolas_13.npy
1_nicolas_14.npy
1_nicolas_15.npy
1_nicolas_16.npy
1_nicolas_17.npy
1_nicolas_18.npy
1_nicolas_19.npy
1_nicolas_20.npy
1_nicolas_21.npy
1_nicolas_22.npy
1_nicolas_23.npy
1_nicolas_24.npy
1_nicolas_25.npy
1_nicolas_26.npy
1_nicolas_27.npy
1_nicolas_28.npy
1_nicolas_29.npy
1_nicolas_30.npy
1_nicolas_31.npy
1_nicolas_32.npy
1_nicolas_33.npy
1_nicolas_34.npy
1_nicolas_35.npy
1_nicolas_36.npy
1_nicolas_37.npy
1_nicolas_38.npy
1_nicolas_39.npy
1_nicolas_40.npy
1_nicolas_41.npy
1_nicolas_42.npy
1_nicolas_43.npy
1_nicolas_44.npy
1_nicolas_45.npy
1_nicolas_46.npy
1_nicolas_47.npy
1_nicolas_48.npy
1_nicolas_49.npy
1_theo_0.npy
1_theo_1.npy
1_theo_2.npy
1_theo_3.npy
1_theo_4.npy
1_theo_5.npy
1_theo_6.npy
1_theo_7.npy
1_theo_8.npy
1_theo_9.npy
1_theo_10.npy
1_theo_11.npy
1_theo_12.npy
1_theo_13.npy
1_theo_14.npy
1_theo_15.npy
1_theo_16.npy
1_theo_17.npy
1_theo_18.npy
1_theo_19.npy
1_theo_20.npy
1_theo_21.npy
1_theo_22.npy
1_theo_23.npy
1_theo_24.npy
1_theo_25.npy
1_theo_26.npy
1_theo_27.npy
1_theo_28.npy
1_theo_29.npy
1_theo_30.npy
1_theo_31.npy
1_theo_32.npy
1_theo_33.npy
1_theo_34.npy
1_theo_35.npy
1_theo_36.npy
1_theo_37.npy
1_theo_38.npy
1_theo_39.npy
1_theo_40.npy
1_theo_41.npy
1_theo_42.npy
1_theo_43.npy
1_theo_44.npy
1_theo_45.npy
1_theo_46.npy
1_theo_47.npy
1_theo_48.npy
1_theo_49.npy
2_jackson_0.npy
2_jackson_1.npy
2_jackson_2.npy
2_jackson_3.npy
2_jackson_4.npy
2_jackson_5.npy
2_jackson_6.npy
2_jackson_7.npy
2_jackson_8.npy
2_jackson_9.npy
2_jackson_10.npy
2_jackson_11.npy
2_jackson_12.npy
2_jackson_13.npy
2_jackson_14.npy
2_jackson_15.npy
2_jackson_16.npy
2_jackson_17.npy
2_jackson_18.npy
2_jackson_19.npy
2_jackson_20.npy
2_jackson_21.npy
2_jackson_22.npy
2_jackson_23.npy
2_jackson_24.npy
2_jackson_25.npy
2_jackson_26.npy
2_jackson_27.npy
2_jackson_28.npy
2_jackson_29.npy
2_jackson_30.npy
2_jackson_31.npy
2_jackson_32.npy
2_jackson_33.npy
2_jackson_34.npy
2_jackson_35.npy
2_jackson_36.npy
2_jackson_37.npy
2_jackson_38.npy
2_jackson_39.npy
2_jackson_40.npy
2_jackson_41.npy
2_jackson_42.npy
2_jackson_43.npy
2_jackson_44.npy
2_jackson_45.npy
2_jackson_46.npy
2_jackson_47.npy
2_jackson_48.npy
2_jackson_49.npy
2_nicolas_0.npy
2_nicolas_1.npy
2_nicolas_2.npy
2_nicolas_3.npy
2_nicolas_4.npy
2_nicolas_5.npy
2_nicolas_6.npy
2_nicolas_7.npy
2_nicolas_8.npy
2_nicolas_9.npy
2_nicolas_10.npy
2_nicolas_11.npy
2_nicolas_12.npy
2_nicolas_13.npy
2_nicolas_14.npy
2_nicolas_15.npy
2_nicolas_16.npy
2_nicolas_17.npy
2_nicolas_18.npy
2_nicolas_19.npy
2_nicolas_20.npy
2_nicolas_21.npy
2_nicolas_22.npy
2_nicolas_23.npy
2_nicolas_24.npy
2_nicolas_25.npy
2_nicolas_26.npy
2_nicolas_27.npy
2_nicolas_28.npy
2_nicolas_29.npy
2_nicolas_30.npy
2_nicolas_31.npy
2_nicolas_32.npy
2_nicolas_33.npy
2_nicolas_34.npy
2_nicolas_35.npy
2_nicolas_36.npy
2_nicolas_37.npy
2_nicolas_38.npy
2_nicolas_39.npy
2_nicolas_40.npy
2_nicolas_41.npy
2_nicolas_42.npy
2_nicolas_43.npy
2_nicolas_44.npy
2_nicolas_45.npy
2_nicolas_46.npy
2_nicolas_47.npy
2_nicolas_48.npy
2_nicolas_49.npy
2_theo_0.npy
2_theo_1.npy
2_theo_2.npy
2_theo_3.npy
2_theo_4.npy
2_theo_5.npy
2_theo_6.npy
2_theo_7.npy
2_theo_8.npy
2_theo_9.npy
2_theo_10.npy
2_theo_11.npy
2_theo_12.npy
2_theo_13.npy
2_theo_14.npy
2_theo_15.npy
2_theo_16.npy
2_theo_17.npy
2_theo_18.npy
2_theo_19.npy
2_theo_20.npy
2_theo_21.npy
2_theo_22.npy
2_theo_23.npy
2_theo_24.npy
2_theo_25.npy
2_theo_26.npy
2_theo_27.npy
2_theo_28.npy
2_theo_29.npy
2_theo_30.npy
2_theo_31.npy
2_theo_32.npy
2_theo_33.npy
2_theo_34.npy
2_theo_35.npy
2_theo_36.npy
2_theo_37.npy
2_theo_38.npy
2_theo_39.npy
2_theo_40.npy
2_theo_41.npy
2_theo_42.npy
2_theo_43.npy
2_theo_44.npy
2_theo_45.npy
2_theo_46.npy
2_theo_47.npy
2_theo_48.npy
2_theo_49.npy
3_jackson_0.npy
3_jackson_1.npy
3_jackson_2.npy
3_jackson_3.npy
3_jackson_4.npy
3_jackson_5.npy
3_jackson_6.npy
3_jackson_7.npy
3_jackson_8.npy
3_jackson_9.npy
3_jackson_10.npy
3_jackson_11.npy
3_jackson_12.npy
3_jackson_13.npy
3_jackson_14.npy
3_jackson_15.npy
3_jackson_16.npy
3_jackson_17.npy
3_jackson_18.npy
3_jackson_19.npy
3_jackson_20.npy
3_jackson_21.npy
3_jackson_22.npy
3_jackson_23.npy
3_jackson_24.npy
3_jackson_25.npy
3_jackson_26.npy
3_jackson_27.npy
3_jackson_28.npy
3_jackson_29.npy
3_jackson_30.npy
3_jackson_31.npy
3_jackson_32.npy
3_jackson_33.npy
3_jackson_34.npy
3_jackson_35.npy
3_jackson_36.npy
3_jackson_37.npy
3_jackson_38.npy
3_jackson_39.npy
3_jackson_40.npy
3_jackson_41.npy
3_jackson_42.npy
3_jackson_43.npy
3_jackson_44.npy
3_jackson_45.npy
3_jackson_46.npy
3_jackson_47.npy
3_jackson_48.npy
3_jackson_49.npy
3_nicolas_0.npy
3_nicolas_1.npy
3_nicolas_2.npy
3_nicolas_3.npy
3_nicolas_4.npy
3_nicolas_5.npy
3_nicolas_6.npy
3_nicolas_7.npy
3_nicolas_8.npy
3_nicolas_9.npy
3_nicolas_10.npy
3_nicolas_11.npy
3_nicolas_12.npy
3_nicolas_13.npy
3_nicolas_14.npy
3_nicolas_15.npy
3_nicolas_16.npy
3_nicolas_17.npy
3_nicolas_18.npy
3_nicolas_19.npy
3_nicolas_20.npy
3_nicolas_21.npy
3_nicolas_22.npy
3_nicolas_23.npy
3_nicolas_24.npy
3_nicolas_25.npy
3_nicolas_26.npy
3_nicolas_27.npy
3_nicolas_28.npy
3_nicolas_29.npy
3_nicolas_30.npy
3_nicolas_31.npy
3_nicolas_32.npy
3_nicolas_33.npy
3_nicolas_34.npy
3_nicolas_35.npy
3_nicolas_36.npy
3_nicolas_37.npy
3_nicolas_38.npy
3_nicolas_39.npy
3_nicolas_40.npy
3_nicolas_41.npy
3_nicolas_42.npy
3_nicolas_43.npy
3_nicolas_44.npy
3_nicolas_45.npy
3_nicolas_46.npy
3_nicolas_47.npy
3_nicolas_48.npy
3_nicolas_49.npy
3_theo_0.npy
3_theo_1.npy
3_theo_2.npy
3_theo_3.npy
3_theo_4.npy
3_theo_5.npy
3_theo_6.npy
3_theo_7.npy
3_theo_8.npy
3_theo_9.npy
3_theo_10.npy
3_theo_11.npy
3_theo_12.npy
3_theo_13.npy
3_theo_14.npy
3_theo_15.npy
3_theo_16.npy
3_theo_17.npy
3_theo_18.npy
3_theo_19.npy
3_theo_20.npy
3_theo_21.npy
3_theo_22.npy
3_theo_23.npy
3_theo_24.npy
3_theo_25.npy
3_theo_26.npy
3_theo_27.npy
3_theo_28.npy
3_theo_29.npy
3_theo_30.npy
3_theo_31.npy
3_theo_32.npy
3_theo_33.npy
3_theo_34.npy
3_theo_35.npy
3_theo_36.npy
3_theo_37.npy
3_theo_38.npy
3_theo_39.npy
3_theo_40.npy
3_theo_41.npy
3_theo_42.npy
3_theo_43.npy
3_theo_44.npy
3_theo_45.npy
3_theo_46.npy
3_theo_47.npy
3_theo_48.npy
3_theo_49.npy
4_jackson_0.npy
4_jackson_1.npy
4_jackson_2.npy
4_jackson_3.npy
4_jackson_4.npy
4_jackson_5.npy
4_jackson_6.npy
4_jackson_7.npy
4_jackson_8.npy
4_jackson_9.npy
4_jackson_10.npy
4_jackson_11.npy
4_jackson_12.npy
4_jackson_13.npy
4_jackson_14.npy
4_jackson_15.npy
4_jackson_16.npy
4_jackson_17.npy
4_jackson_18.npy
4_jackson_19.npy
4_jackson_20.npy
4_jackson_21.npy
4_jackson_22.npy
4_jackson_23.npy
4_jackson_24.npy
4_jackson_25.npy
4_jackson_26.npy
4_jackson_27.npy
4_jackson_28.npy
4_jackson_29.npy
4_jackson_30.npy
4_jackson_31.npy
4_jackson_32.npy
4_jackson_33.npy
4_jackson_34.npy
4_jackson_35.npy
4_jackson_36.npy
4_jackson_37.npy
4_jackson_38.npy
4_jackson_39.npy
4_jackson_40.npy
4_jackson_41.npy
4_jackson_42.npy
4_jackson_43.npy
4_jackson_44.npy
4_jackson_45.npy
4_jackson_46.npy
4_jackson_47.npy
4_jackson_48.npy
4_jackson_49.npy
4_nicolas_0.npy
4_nicolas_1.npy
4_nicolas_2.npy
4_nicolas_3.npy
4_nicolas_4.npy
4_nicolas_5.npy
4_nicolas_6.npy
4_nicolas_7.npy
4_nicolas_8.npy
4_nicolas_9.npy
4_nicolas_10.npy
4_nicolas_11.npy
4_nicolas_12.npy
4_nicolas_13.npy
4_nicolas_14.npy
4_nicolas_15.npy
4_nicolas_16.npy
4_nicolas_17.npy
4_nicolas_18.npy
4_nicolas_19.npy
4_nicolas_20.npy
4_nicolas_21.npy
4_nicolas_22.npy
4_nicolas_23.npy
4_nicolas_24.npy
4_nicolas_25.npy
4_nicolas_26.npy
4_nicolas_27.npy
4_nicolas_28.npy
4_nicolas_29.npy
4_nicolas_30.npy
4_nicolas_31.npy
4_nicolas_32.npy
4_nicolas_33.npy
4_nicolas_34.npy
4_nicolas_35.npy
4_nicolas_36.npy
4_nicolas_37.npy
4_nicolas_38.npy
4_nicolas_39.npy
4_nicolas_40.npy
4_nicolas_41.npy
4_nicolas_42.npy
4_nicolas_43.npy
4_nicolas_44.npy
4_nicolas_45.npy
4_nicolas_46.npy
4_nicolas_47.npy
4_nicolas_48.npy
4_nicolas_49.npy
4_theo_0.npy
4_theo_1.npy
4_theo_2.npy
4_theo_3.npy
4_theo_4.npy
4_theo_5.npy
4_theo_6.npy
4_theo_7.npy
4_theo_8.npy
4_theo_9.npy
4_theo_10.npy
4_theo_11.npy
4_theo_12.npy
4_theo_13.npy
4_theo_14.npy
4_theo_15.npy
4_theo_16.npy
4_theo_17.npy
4_theo_18.npy
4_theo_19.npy
4_theo_20.npy
4_theo_21.npy
4_theo_22.npy
4_theo_23.npy
4_theo_24.npy
4_theo_25.npy
4_theo_26.npy
4_theo_27.npy
4_theo_28.npy
4_theo_29.npy
4_theo_30.npy
4_theo_31.npy
4_theo_32.npy
4_theo_33.npy
4_theo_34.npy
4_theo_35.npy
4_theo_36.npy
4_theo_37.npy
4_theo_38.npy
4_theo_39.npy
4_theo_40.npy
4_theo_41.npy
4_theo_42.npy
4_theo_43.npy
4_theo_44.npy
4_theo_45.npy
4_theo_46.npy
4_theo_47.npy
4_theo_48.npy
4_theo_49.npy
5_jackson_0.npy
5_jackson_1.npy
5_jackson_2.npy
5_jackson_3.npy
5_jackson_4.npy
5_jackson_5.npy
5_jackson_6.npy
5_jackson_7.npy
5_jackson_8.npy
5_jackson_9.npy
5_jackson_10.npy
5_jackson_11.npy
5_jackson_12.npy
5_jackson_13.npy
5_jackson_14.npy
5_jackson_15.npy
5_jackson_16.npy
5_jackson_17.npy
5_jackson_18.npy
5_jackson_19.npy
5_jackson_20.npy
5_jackson_21.npy
5_jackson_22.npy
5_jackson_23.npy
5_jackson_24.npy
5_jackson_25.npy
5_jackson_26.npy
5_jackson_27.npy
5_jackson_28.npy
5_jackson_29.npy
5_jackson_30.npy
5_jackson_31.npy
5_jackson_32.npy
5_jackson_33.npy
5_jackson_34.npy
5_jackson_35.npy
5_jackson_36.npy
5_jackson_37.npy
5_jackson_38.npy
5_jackson_39.npy
5_jackson_40.npy
5_jackson_41.npy
5_jackson_42.npy
5_jackson_43.npy
5_jackson_44.npy
5_jackson_45.npy
5_jackson_46.npy
5_jackson_47.npy
5_jackson_48.npy
5_jackson_49.npy
5_nicolas_0.npy
5_nicolas_1.npy
5_nicolas_2.npy
5_nicolas_3.npy
5_nicolas_4.npy
5_nicolas_5.npy
5_nicolas_6.npy
5_nicolas_7.npy
5_nicolas_8.npy
5_nicolas_9.npy
5_nicolas_10.npy
5_nicolas_11.npy
5_nicolas_12.npy
5_nicolas_13.npy
5_nicolas_14.npy
5_nicolas_15.npy
5_nicolas_16.npy
5_nicolas_17.npy
5_nicolas_18.npy
5_nicolas_19.npy
5_nicolas_20.npy
5_nicolas_21.npy
5_nicolas_22.npy
5_nicolas_23.npy
5_nicolas_24.npy
5_nicolas_25.npy
5_nicolas_26.npy
5_nicolas_27.npy
5_nicolas_28.npy
5_nicolas_29.npy
5_nicolas_30.npy
5_nicolas_31.npy
5_nicolas_32.npy
5_nicolas_33.npy
5_nicolas_34.npy
5_nicolas_35.npy
5_nicolas_36.npy
5_nicolas_37.npy
5_nicolas_38.npy
5_nicolas_39.npy
5_nicolas_40.npy
5_nicolas_41.npy
5_nicolas_42.npy
5_nicolas_43.npy
5_nicolas_44.npy
5_nicolas_45.npy
5_nicolas_46.npy
5_nicolas_47.npy
5_nicolas_48.npy
5_nicolas_49.npy
5_theo_0.npy
5_theo_1.npy
5_theo_2.npy
5_theo_3.npy
5_theo_4.npy
5_theo_5.npy
5_theo_6.npy
5_theo_7.npy
5_theo_8.npy
5_theo_9.npy
5_theo_10.npy
5_theo_11.npy
5_theo_12.npy
5_theo_13.npy
5_theo_14.npy
5_theo_15.npy
5_theo_16.npy
5_theo_17.npy
5_theo_18.npy
5_theo_19.npy
5_theo_20.npy
5_theo_21.npy
5_theo_22.npy
5_theo_23.npy
5_theo_24.npy
5_theo_25.npy
5_theo_26.npy
5_theo_27.npy
5_theo_28.npy
5_theo_29.npy
5_theo_30.npy
5_theo_31.npy
5_theo_32.npy
5_theo_33.npy
5_theo_34.npy
5_theo_35.npy
5_theo_36.npy
5_theo_37.npy
5_theo_38.npy
5_theo_39.npy
5_theo_40.npy
5_theo_41.npy
5_theo_42.npy
5_theo_43.npy
5_theo_44.npy
5_theo_45.npy
5_theo_46.npy
5_theo_47.npy
5_theo_48.npy
5_theo_49.npy
6_jackson_0.npy
6_jackson_1.npy
6_jackson_2.npy
6_jackson_3.npy
6_jackson_4.npy
6_jackson_5.npy
6_jackson_6.npy
6_jackson_7.npy
6_jackson_8.npy
6_jackson_9.npy
6_jackson_10.npy
6_jackson_11.npy
6_jackson_12.npy
6_jackson_13.npy
6_jackson_14.npy
6_jackson_15.npy
6_jackson_16.npy
6_jackson_17.npy
6_jackson_18.npy
6_jackson_19.npy
6_jackson_20.npy
6_jackson_21.npy
6_jackson_22.npy
6_jackson_23.npy
6_jackson_24.npy
6_jackson_25.npy
6_jackson_26.npy
6_jackson_27.npy
6_jackson_28.npy
6_jackson_29.npy
6_jackson_30.npy
6_jackson_31.npy
6_jackson_32.npy
6_jackson_33.npy
6_jackson_34.npy
6_jackson_35.npy
6_jackson_36.npy
6_jackson_37.npy
6_jackson_38.npy
6_jackson_39.npy
6_jackson_40.npy
6_jackson_41.npy
6_jackson_42.npy
6_jackson_43.npy
6_jackson_44.npy
6_jackson_45.npy
6_jackson_46.npy
6_jackson_47.npy
6_jackson_48.npy
6_jackson_49.npy
6_nicolas_0.npy
6_nicolas_1.npy
6_nicolas_2.npy
6_nicolas_3.npy
6_nicolas_4.npy
6_nicolas_5.npy
6_nicolas_6.npy
6_nicolas_7.npy
6_nicolas_8.npy
6_nicolas_9.npy
6_nicolas_10.npy
6_nicolas_11.npy
6_nicolas_12.npy
6_nicolas_13.npy
6_nicolas_14.npy
6_nicolas_15.npy
6_nicolas_16.npy
6_nicolas_17.npy
6_nicolas_18.npy
6_nicolas_19.npy
6_nicolas_20.npy
6_nicolas_21.npy
6_nicolas_22.npy
6_nicolas_23.npy
6_nicolas_24.npy
6_nicolas_25.npy
6_nicolas_26.npy
6_nicolas_27.npy
6_nicolas_28.npy
6_nicolas_29.npy
6_nicolas_30.npy
6_nicolas_31.npy
6_nicolas_32.npy
6_nicolas_33.npy
6_nicolas_34.npy
6_nicolas_35.npy
6_nicolas_36.npy
6_nicolas_37.npy
6_nicolas_38.npy
6_nicolas_39.npy
6_nicolas_40.npy
6_nicolas_41.npy
6_nicolas_42.npy
6_nicolas_43.npy
6_nicolas_44.npy
6_nicolas_45.npy
6_nicolas_46.npy
6_nicolas_47.npy
6_nicolas_48.npy
6_nicolas_49.npy
6_theo_0.npy
6_theo_1.npy
6_theo_2.npy
6_theo_3.npy
6_theo_4.npy
6_theo_5.npy
6_theo_6.npy
6_theo_7.npy
6_theo_8.npy
6_theo_9.npy
6_theo_10.npy
6_theo_11.npy
6_theo_12.npy
6_theo_13.npy
6_theo_14.npy
6_theo_15.npy
6_theo_16.npy
6_theo_17.npy
6_theo_18.npy
6_theo_19.npy
6_theo_20.npy
6_theo_21.npy
6_theo_22.npy
6_theo_23.npy
6_theo_24.npy
6_theo_25.npy
6_theo_26.npy
6_theo_27.npy
6_theo_28.npy
6_theo_29.npy
6_theo_30.npy
6_theo_31.npy
6_theo_32.npy
6_theo_33.npy
6_theo_34.npy
6_theo_35.npy
6_theo_36.npy
6_theo_37.npy
6_theo_38.npy
6_theo_39.npy
6_theo_40.npy
6_theo_41.npy
6_theo_42.npy
6_theo_43.npy
6_theo_44.npy
6_theo_45.npy
6_theo_46.npy
6_theo_47.npy
6_theo_48.npy
6_theo_49.npy
7_jackson_0.npy
7_jackson_1.npy
7_jackson_2.npy
7_jackson_3.npy
7_jackson_4.npy
7_jackson_5.npy
7_jackson_6.npy
7_jackson_7.npy
7_jackson_8.npy
7_jackson_9.npy
7_jackson_10.npy
7_jackson_11.npy
7_jackson_12.npy
7_jackson_13.npy
7_jackson_14.npy
7_jackson_15.npy
7_jackson_16.npy
7_jackson_17.npy
7_jackson_18.npy
7_jackson_19.npy
7_jackson_20.npy
7_jackson_21.npy
7_jackson_22.npy
7_jackson_23.npy
7_jackson_24.npy
7_jackson_25.npy
7_jackson_26.npy
7_jackson_27.npy
7_jackson_28.npy
7_jackson_29.npy
7_jackson_30.npy
7_jackson_31.npy
7_jackson_32.npy
7_jackson_33.npy
7_jackson_34.npy
7_jackson_35.npy
7_jackson_36.npy
7_jackson_37.npy
7_jackson_38.npy
7_jackson_39.npy
7_jackson_40.npy
7_jackson_41.npy
7_jackson_42.npy
7_jackson_43.npy
7_jackson_44.npy
7_jackson_45.npy
7_jackson_46.npy
7_jackson_47.npy
7_jackson_48.npy
7_jackson_49.npy
7_nicolas_0.npy
7_nicolas_1.npy
7_nicolas_2.npy
7_nicolas_3.npy
7_nicolas_4.npy
7_nicolas_5.npy
7_nicolas_6.npy
7_nicolas_7.npy
7_nicolas_8.npy
7_nicolas_9.npy
7_nicolas_10.npy
7_nicolas_11.npy
7_nicolas_12.npy
7_nicolas_13.npy
7_nicolas_14.npy
7_nicolas_15.npy
7_nicolas_16.npy
7_nicolas_17.npy
7_nicolas_18.npy
7_nicolas_19.npy
7_nicolas_20.npy
7_nicolas_21.npy
7_nicolas_22.npy
7_nicolas_23.npy
7_nicolas_24.npy
7_nicolas_25.npy
7_nicolas_26.npy
7_nicolas_27.npy
7_nicolas_28.npy
7_nicolas_29.npy
7_nicolas_30.npy
7_nicolas_31.npy
7_nicolas_32.npy
7_nicolas_33.npy
7_nicolas_34.npy
7_nicolas_35.npy
7_nicolas_36.npy
7_nicolas_37.npy
7_nicolas_38.npy
7_nicolas_39.npy
7_nicolas_40.npy
7_nicolas_41.npy
7_nicolas_42.npy
7_nicolas_43.npy
7_nicolas_44.npy
7_nicolas_45.npy
7_nicolas_46.npy
7_nicolas_47.npy
7_nicolas_48.npy
7_nicolas_49.npy
7_theo_0.npy
7_theo_1.npy
7_theo_2.npy
7_theo_3.npy
7_theo_4.npy
7_theo_5.npy
7_theo_6.npy
7_theo_7.npy
7_theo_8.npy
7_theo_9.npy
7_theo_10.npy
7_theo_11.npy
7_theo_12.npy
7_theo_13.npy
7_theo_14.npy
7_theo_15.npy
7_theo_16.npy
7_theo_17.npy
7_theo_18.npy
7_theo_19.npy
7_theo_20.npy
7_theo_21.npy
7_theo_22.npy
7_theo_23.npy
7_theo_24.npy
7_theo_25.npy
7_theo_26.npy
7_theo_27.npy
7_theo_28.npy
7_theo_29.npy
7_theo_30.npy
7_theo_31.npy
7_theo_32.npy
7_theo_33.npy
7_theo_34.npy
7_theo_35.npy
7_theo_36.npy
7_theo_37.npy
7_theo_38.npy
7_theo_39.npy
7_theo_40.npy
7_theo_41.npy
7_theo_42.npy
7_theo_43.npy
7_theo_44.npy
7_theo_45.npy
7_theo_46.npy
7_theo_47.npy
7_theo_48.npy
7_theo_49.npy
8_jackson_0.npy
8_jackson_1.npy
8_jackson_2.npy
8_jackson_3.npy
8_jackson_4.npy
8_jackson_5.npy
8_jackson_6.npy
8_jackson_7.npy
8_jackson_8.npy
8_jackson_9.npy
8_jackson_10.npy
8_jackson_11.npy
8_jackson_12.npy
8_jackson_13.npy
8_jackson_14.npy
8_jackson_15.npy
8_jackson_16.npy
8_jackson_17.npy
8_jackson_18.npy
8_jackson_19.npy
8_jackson_20.npy
8_jackson_21.npy
8_jackson_22.npy
8_jackson_23.npy
8_jackson_24.npy
8_jackson_25.npy
8_jackson_26.npy
8_jackson_27.npy
8_jackson_28.npy
8_jackson_29.npy
8_jackson_30.npy
8_jackson_31.npy
8_jackson_32.npy
8_jackson_33.npy
8_jackson_34.npy
8_jackson_35.npy
8_jackson_36.npy
8_jackson_37.npy
8_jackson_38.npy
8_jackson_39.npy
8_jackson_40.npy
8_jackson_41.npy
8_jackson_42.npy
8_jackson_43.npy
8_jackson_44.npy
8_jackson_45.npy
8_jackson_46.npy
8_jackson_47.npy
8_jackson_48.npy
8_jackson_49.npy
8_nicolas_0.npy
8_nicolas_1.npy
8_nicolas_2.npy
8_nicolas_3.npy
8_nicolas_4.npy
8_nicolas_5.npy
8_nicolas_6.npy
8_nicolas_7.npy
8_nicolas_8.npy
8_nicolas_9.npy
8_nicolas_10.npy
8_nicolas_11.npy
8_nicolas_12.npy
8_nicolas_13.npy
8_nicolas_14.npy
8_nicolas_15.npy
8_nicolas_16.npy
8_nicolas_17.npy
8_nicolas_18.npy
8_nicolas_19.npy
8_nicolas_20.npy
8_nicolas_21.npy
8_nicolas_22.npy
8_nicolas_23.npy
8_nicolas_24.npy
8_nicolas_25.npy
8_nicolas_26.npy
8_nicolas_27.npy
8_nicolas_28.npy
8_nicolas_29.npy
8_nicolas_30.npy
8_nicolas_31.npy
8_nicolas_32.npy
8_nicolas_33.npy
8_nicolas_34.npy
8_nicolas_35.npy
8_nicolas_36.npy
8_nicolas_37.npy
8_nicolas_38.npy
8_nicolas_39.npy
8_nicolas_40.npy
8_nicolas_41.npy
8_nicolas_42.npy
8_nicolas_43.npy
8_nicolas_44.npy
8_nicolas_45.npy
8_nicolas_46.npy
8_nicolas_47.npy
8_nicolas_48.npy
8_nicolas_49.npy
8_theo_0.npy
8_theo_1.npy
8_theo_2.npy
8_theo_3.npy
8_theo_4.npy
8_theo_5.npy
8_theo_6.npy
8_theo_7.npy
8_theo_8.npy
8_theo_9.npy
8_theo_10.npy
8_theo_11.npy
8_theo_12.npy
8_theo_13.npy
8_theo_14.npy
8_theo_15.npy
8_theo_16.npy
8_theo_17.npy
8_theo_18.npy
8_theo_19.npy
8_theo_20.npy
8_theo_21.npy
8_theo_22.npy
8_theo_23.npy
8_theo_24.npy
8_theo_25.npy
8_theo_26.npy
8_theo_27.npy
8_theo_28.npy
8_theo_29.npy
8_theo_30.npy
8_theo_31.npy
8_theo_32.npy
8_theo_33.npy
8_theo_34.npy
8_theo_35.npy
8_theo_36.npy
8_theo_37.npy
8_theo_38.npy
8_theo_39.npy
8_theo_40.npy
8_theo_41.npy
8_theo_42.npy
8_theo_43.npy
8_theo_44.npy
8_theo_45.npy
8_theo_46.npy
8_theo_47.npy
8_theo_48.npy
8_theo_49.npy
9_jackson_0.npy
9_jackson_1.npy
9_jackson_2.npy
9_jackson_3.npy
9_jackson_4.npy
9_jackson_5.npy
9_jackson_6.npy
9_jackson_7.npy
9_jackson_8.npy
9_jackson_9.npy
9_jackson_10.npy
9_jackson_11.npy
9_jackson_12.npy
9_jackson_13.npy
9_jackson_14.npy
9_jackson_15.npy
9_jackson_16.npy
9_jackson_17.npy
9_jackson_18.npy
9_jackson_19.npy
9_jackson_20.npy
9_jackson_21.npy
9_jackson_22.npy
9_jackson_23.npy
9_jackson_24.npy
9_jackson_25.npy
9_jackson_26.npy
9_jackson_27.npy
9_jackson_28.npy
9_jackson_29.npy
9_jackson_30.npy
9_jackson_31.npy
9_jackson_32.npy
9_jackson_33.npy
9_jackson_34.npy
9_jackson_35.npy
9_jackson_36.npy
9_jackson_37.npy
9_jackson_38.npy
9_jackson_39.npy
9_jackson_40.npy
9_jackson_41.npy
9_jackson_42.npy
9_jackson_43.npy
9_jackson_44.npy
9_jackson_45.npy
9_jackson_46.npy
9_jackson_47.npy
9_jackson_48.npy
9_jackson_49.npy
9_nicolas_0.npy
9_nicolas_1.npy
9_nicolas_2.npy
9_nicolas_3.npy
9_nicolas_4.npy
9_nicolas_5.npy
9_nicolas_6.npy
9_nicolas_7.npy
9_nicolas_8.npy
9_nicolas_9.npy
9_nicolas_10.npy
9_nicolas_11.npy
9_nicolas_12.npy
9_nicolas_13.npy
9_nicolas_14.npy
9_nicolas_15.npy
9_nicolas_16.npy
9_nicolas_17.npy
9_nicolas_18.npy
9_nicolas_19.npy
9_nicolas_20.npy
9_nicolas_21.npy
9_nicolas_22.npy
9_nicolas_23.npy
9_nicolas_24.npy
9_nicolas_25.npy
9_nicolas_26.npy
9_nicolas_27.npy
9_nicolas_28.npy
9_nicolas_29.npy
9_nicolas_30.npy
9_nicolas_31.npy
9_nicolas_32.npy
9_nicolas_33.npy
9_nicolas_34.npy
9_nicolas_35.npy
9_nicolas_36.npy
9_nicolas_37.npy
9_nicolas_38.npy
9_nicolas_39.npy
9_nicolas_40.npy
9_nicolas_41.npy
9_nicolas_42.npy
9_nicolas_43.npy
9_nicolas_44.npy
9_nicolas_45.npy
9_nicolas_46.npy
9_nicolas_47.npy
9_nicolas_48.npy
9_nicolas_49.npy
9_theo_0.npy
9_theo_1.npy
9_theo_2.npy
9_theo_3.npy
9_theo_4.npy
9_theo_5.npy
9_theo_6.npy
9_theo_7.npy
9_theo_8.npy
9_theo_9.npy
9_theo_10.npy
9_theo_11.npy
9_theo_12.npy
9_theo_13.npy
9_theo_14.npy
9_theo_15.npy
9_theo_16.npy
9_theo_17.npy
9_theo_18.npy
9_theo_19.npy
9_theo_20.npy
9_theo_21.npy
9_theo_22.npy
9_theo_23.npy
9_theo_24.npy
9_theo_25.npy
9_theo_26.npy
9_theo_27.npy
9_theo_28.npy
9_theo_29.npy
9_theo_30.npy
9_theo_31.npy
9_theo_32.npy
9_theo_33.npy
9_theo_34.npy
9_theo_35.npy
9_theo_36.npy
9_theo_37.npy
9_theo_38.npy
9_theo_39.npy
9_theo_40.npy
9_theo_41.npy
9_theo_42.npy
9_theo_43.npy
9_theo_44.npy
9_theo_45.npy
9_theo_46.npy
9_theo_47.npy
9_theo_48.npy
9_theo_49.npy
